Archive member included because of file (symbol)

C:\marmalade\6.2\s3e\edk\lib\android\libedk.a(IwDebug.o)
                              debug\s3eGooglePlayGames_platform.os (IwDebugTraceSetTraceChannel)
C:\marmalade\6.2\s3e\edk\lib\android\libedk.a(edk_helpers.o)
                              debug\s3eGooglePlayGames_platform.os (s3eEdkThreadRunOnOS)
C:\Android\android-ndk-r8d\sources\cxx-stl\gnu-libstdc++\4.4.3\libs\armeabi\libgnustl_static.a(del_op.o)
                              debug\s3eGooglePlayGames_platform.os (operator delete(void*))
C:\Android\android-ndk-r8d\sources\cxx-stl\gnu-libstdc++\4.4.3\libs\armeabi\libgnustl_static.a(del_opv.o)
                              debug\s3eGooglePlayGames_platform.os (operator delete[](void*))
C:\Android\android-ndk-r8d\sources\cxx-stl\gnu-libstdc++\4.4.3\libs\armeabi\libgnustl_static.a(new_op.o)
                              debug\s3eGooglePlayGames_platform.os (operator new(unsigned int))
C:\Android\android-ndk-r8d\sources\cxx-stl\gnu-libstdc++\4.4.3\libs\armeabi\libgnustl_static.a(new_opv.o)
                              debug\s3eGooglePlayGames_platform.os (operator new[](unsigned int))
C:\Android\android-ndk-r8d\sources\cxx-stl\gnu-libstdc++\4.4.3\libs\armeabi\libgnustl_static.a(eh_alloc.o)
                              C:\Android\android-ndk-r8d\sources\cxx-stl\gnu-libstdc++\4.4.3\libs\armeabi\libgnustl_static.a(new_op.o) (__cxa_allocate_exception)
C:\Android\android-ndk-r8d\sources\cxx-stl\gnu-libstdc++\4.4.3\libs\armeabi\libgnustl_static.a(eh_arm.o)
                              C:\Android\android-ndk-r8d\sources\cxx-stl\gnu-libstdc++\4.4.3\libs\armeabi\libgnustl_static.a(new_op.o) (__cxa_end_cleanup)
C:\Android\android-ndk-r8d\sources\cxx-stl\gnu-libstdc++\4.4.3\libs\armeabi\libgnustl_static.a(eh_aux_runtime.o)
                              C:\Android\android-ndk-r8d\sources\cxx-stl\gnu-libstdc++\4.4.3\libs\armeabi\libgnustl_static.a(eh_arm.o) (__cxa_bad_typeid)
C:\Android\android-ndk-r8d\sources\cxx-stl\gnu-libstdc++\4.4.3\libs\armeabi\libgnustl_static.a(eh_call.o)
                              C:\Android\android-ndk-r8d\sources\cxx-stl\gnu-libstdc++\4.4.3\libs\armeabi\libgnustl_static.a(new_op.o) (__cxa_call_unexpected)
C:\Android\android-ndk-r8d\sources\cxx-stl\gnu-libstdc++\4.4.3\libs\armeabi\libgnustl_static.a(eh_catch.o)
                              C:\Android\android-ndk-r8d\sources\cxx-stl\gnu-libstdc++\4.4.3\libs\armeabi\libgnustl_static.a(eh_call.o) (__cxa_end_catch)
C:\Android\android-ndk-r8d\sources\cxx-stl\gnu-libstdc++\4.4.3\libs\armeabi\libgnustl_static.a(eh_exception.o)
                              C:\Android\android-ndk-r8d\sources\cxx-stl\gnu-libstdc++\4.4.3\libs\armeabi\libgnustl_static.a(eh_alloc.o) (std::exception::~exception())
C:\Android\android-ndk-r8d\sources\cxx-stl\gnu-libstdc++\4.4.3\libs\armeabi\libgnustl_static.a(eh_globals.o)
                              C:\Android\android-ndk-r8d\sources\cxx-stl\gnu-libstdc++\4.4.3\libs\armeabi\libgnustl_static.a(eh_call.o) (__cxa_get_globals_fast)
C:\Android\android-ndk-r8d\sources\cxx-stl\gnu-libstdc++\4.4.3\libs\armeabi\libgnustl_static.a(eh_personality.o)
                              C:\Android\android-ndk-r8d\sources\cxx-stl\gnu-libstdc++\4.4.3\libs\armeabi\libgnustl_static.a(new_op.o) (__gxx_personality_v0)
C:\Android\android-ndk-r8d\sources\cxx-stl\gnu-libstdc++\4.4.3\libs\armeabi\libgnustl_static.a(eh_terminate.o)
                              C:\Android\android-ndk-r8d\sources\cxx-stl\gnu-libstdc++\4.4.3\libs\armeabi\libgnustl_static.a(eh_call.o) (__cxxabiv1::__terminate(void (*)()))
C:\Android\android-ndk-r8d\sources\cxx-stl\gnu-libstdc++\4.4.3\libs\armeabi\libgnustl_static.a(eh_throw.o)
                              C:\Android\android-ndk-r8d\sources\cxx-stl\gnu-libstdc++\4.4.3\libs\armeabi\libgnustl_static.a(eh_call.o) (__cxa_rethrow)
C:\Android\android-ndk-r8d\sources\cxx-stl\gnu-libstdc++\4.4.3\libs\armeabi\libgnustl_static.a(eh_unex_handler.o)
                              C:\Android\android-ndk-r8d\sources\cxx-stl\gnu-libstdc++\4.4.3\libs\armeabi\libgnustl_static.a(eh_terminate.o) (__cxxabiv1::__unexpected_handler)
C:\Android\android-ndk-r8d\sources\cxx-stl\gnu-libstdc++\4.4.3\libs\armeabi\libgnustl_static.a(fundamental_type_info.o)
                              C:\Android\android-ndk-r8d\sources\cxx-stl\gnu-libstdc++\4.4.3\libs\armeabi\libgnustl_static.a(eh_arm.o) (typeinfo for void)
C:\Android\android-ndk-r8d\sources\cxx-stl\gnu-libstdc++\4.4.3\libs\armeabi\libgnustl_static.a(new_handler.o)
                              C:\Android\android-ndk-r8d\sources\cxx-stl\gnu-libstdc++\4.4.3\libs\armeabi\libgnustl_static.a(new_op.o) (std::bad_alloc::~bad_alloc())
C:\Android\android-ndk-r8d\sources\cxx-stl\gnu-libstdc++\4.4.3\libs\armeabi\libgnustl_static.a(pointer_type_info.o)
                              C:\Android\android-ndk-r8d\sources\cxx-stl\gnu-libstdc++\4.4.3\libs\armeabi\libgnustl_static.a(fundamental_type_info.o) (vtable for __cxxabiv1::__pointer_type_info)
[...]
Memory Configuration

Name             Origin             Length             Attributes
*default*        0x00000000         0xffffffff

Linker script and memory map

LOAD C:/Android/android-ndk-r8d/platforms/android-9/arch-arm/usr/lib/crtbegin_so.o
LOAD debug\s3eGooglePlayGames_platform.os
LOAD debug\s3eGooglePlayGames.os
LOAD debug\s3eGooglePlayGames_register.os
LOAD C:\marmalade\6.2\s3e\edk\lib\android\libedk.a
LOAD C:\marmalade\6.2\s3e\edk\lib\android/libplaceholderplaceholderplaceholderplaceholderplaceholder.so
LOAD C:\Android\android-ndk-r8d\platforms\android-9\arch-arm\usr\lib/liblog.so
LOAD C:\Android\android-ndk-r8d\sources\cxx-stl\gnu-libstdc++\4.4.3\libs\armeabi\libgnustl_static.a
LOAD c:/Android/android-ndk-r8d/toolchains/arm-linux-androideabi-4.4.3/prebuilt/windows/bin/../lib/gcc/arm-linux-androideabi/4.4.3\libgcc.a
LOAD C:\Android\android-ndk-r8d\platforms\android-9\arch-arm\usr\lib/libstdc++.so
LOAD C:\Android\android-ndk-r8d\platforms\android-9\arch-arm\usr\lib/libm.so
LOAD C:\Android\android-ndk-r8d\platforms\android-9\arch-arm\usr\lib/libc.so
LOAD c:/Android/android-ndk-r8d/toolchains/arm-linux-androideabi-4.4.3/prebuilt/windows/bin/../lib/gcc/arm-linux-androideabi/4.4.3\libgcc.a
LOAD C:\Android\android-ndk-r8d\platforms\android-9\arch-arm\usr\lib/libc.so
LOAD C:\Android\android-ndk-r8d\platforms\android-9\arch-arm\usr\lib/libdl.so
LOAD c:/Android/android-ndk-r8d/toolchains/arm-linux-androideabi-4.4.3/prebuilt/windows/bin/../lib/gcc/arm-linux-androideabi/4.4.3\libgcc.a
LOAD C:/Android/android-ndk-r8d/platforms/android-9/arch-arm/usr/lib/crtend_so.o
                0x000000f4                . = (0x0 + SIZEOF_HEADERS)

.note.gnu.build-id
 *(.note.gnu.build-id)

.hash           0x000000f4      0x9a0
 *(.hash)
 .hash          0x000000f4      0x9a0 C:/Android/android-ndk-r8d/platforms/android-9/arch-arm/usr/lib/crtbegin_so.o

.gnu.hash
 *(.gnu.hash)

.dynsym         0x00000a94     0x15f0
 *(.dynsym)
 .dynsym        0x00000a94     0x15f0 C:/Android/android-ndk-r8d/platforms/android-9/arch-arm/usr/lib/crtbegin_so.o

.dynstr         0x00002084     0x1a11
 *(.dynstr)
 .dynstr        0x00002084     0x1a11 C:/Android/android-ndk-r8d/platforms/android-9/arch-arm/usr/lib/crtbegin_so.o

.gnu.version    0x00003a96        0x0 load address 0x00003a95
 *(.gnu.version)
 .gnu.version   0x00000000        0x0 C:/Android/android-ndk-r8d/platforms/android-9/arch-arm/usr/lib/crtbegin_so.o

.gnu.version_d  0x00003a98        0x0 load address 0x00003a95
 *(.gnu.version_d)
 .gnu.version_d
                0x00000000        0x0 C:/Android/android-ndk-r8d/platforms/android-9/arch-arm/usr/lib/crtbegin_so.o

.gnu.version_r  0x00003a98        0x0 load address 0x00003a95
 *(.gnu.version_r)
 .gnu.version_r
                0x00000000        0x0 C:/Android/android-ndk-r8d/platforms/android-9/arch-arm/usr/lib/crtbegin_so.o

.rel.dyn        0x00003a98      0xfc8
 *(.rel.init)
 *(.rel.text .rel.text.* .rel.gnu.linkonce.t.*)
 *(.rel.fini)
 *(.rel.rodata .rel.rodata.* .rel.gnu.linkonce.r.*)
 *(.rel.data.rel.ro* .rel.gnu.linkonce.d.rel.ro.*)
 .rel.data.rel.ro
                0x00003a98       0x18 C:/Android/android-ndk-r8d/platforms/android-9/arch-arm/usr/lib/crtbegin_so.o
 .rel.data.rel.ro._ZTIN9__gnu_cxx24__concurrence_lock_errorE
                0x00003ab0       0x18 C:/Android/android-ndk-r8d/platforms/android-9/arch-arm/usr/lib/crtbegin_so.o
 .rel.data.rel.ro._ZTVN9__gnu_cxx24__concurrence_lock_errorE
                0x00003ac8       0x20 C:/Android/android-ndk-r8d/platforms/android-9/arch-arm/usr/lib/crtbegin_so.o
 .rel.data.rel.ro._ZTIN9__gnu_cxx26__concurrence_unlock_errorE
                0x00003ae8       0x18 C:/Android/android-ndk-r8d/platforms/android-9/arch-arm/usr/lib/crtbegin_so.o
 .rel.data.rel.ro._ZTVN9__gnu_cxx26__concurrence_unlock_errorE
                0x00003b00       0x20 C:/Android/android-ndk-r8d/platforms/android-9/arch-arm/usr/lib/crtbegin_so.o
 .rel.data.rel.ro._ZTIN10__cxxabiv115__forced_unwindE
                0x00003b20       0x10 C:/Android/android-ndk-r8d/platforms/android-9/arch-arm/usr/lib/crtbegin_so.o
 .rel.data.rel.ro._ZTISt9exception
                0x00003b30       0x10 C:/Android/android-ndk-r8d/platforms/android-9/arch-arm/usr/lib/crtbegin_so.o
 .rel.data.rel.ro._ZTVSt13bad_exception
                0x00003b40       0x20 C:/Android/android-ndk-r8d/platforms/android-9/arch-arm/usr/lib/crtbegin_so.o
 .rel.data.rel.ro._ZTISt13bad_exception
                0x00003b60       0x18 C:/Android/android-ndk-r8d/platforms/android-9/arch-arm/usr/lib/crtbegin_so.o
 .rel.data.rel.ro._ZTIN10__cxxabiv119__foreign_exceptionE
                0x00003b78       0x10 C:/Android/android-ndk-r8d/platforms/android-9/arch-arm/usr/lib/crtbegin_so.o
 .rel.data.rel.ro._ZTVN10__cxxabiv115__forced_unwindE
                0x00003b88       0x20 C:/Android/android-ndk-r8d/platforms/android-9/arch-arm/usr/lib/crtbegin_so.o
 .rel.data.rel.ro._ZTVN10__cxxabiv119__foreign_exceptionE
                0x00003ba8       0x20 C:/Android/android-ndk-r8d/platforms/android-9/arch-arm/usr/lib/crtbegin_so.o
 .rel.data.rel.ro._ZTVSt9exception
                0x00003bc8       0x20 C:/Android/android-ndk-r8d/platforms/android-9/arch-arm/usr/lib/crtbegin_so.o
 .rel.data.rel.ro._ZTIPKe
                0x00003be8       0x18 C:/Android/android-ndk-r8d/platforms/android-9/arch-arm/usr/lib/crtbegin_so.o
 .rel.data.rel.ro._ZTIPe
                0x00003c00       0x18 C:/Android/android-ndk-r8d/platforms/android-9/arch-arm/usr/lib/crtbegin_so.o
 .rel.data.rel.ro._ZTIe
                0x00003c18       0x10 C:/Android/android-ndk-r8d/platforms/android-9/arch-arm/usr/lib/crtbegin_so.o
 .rel.data.rel.ro._ZTIPKd
                0x00003c28       0x18 C:/Android/android-ndk-r8d/platforms/android-9/arch-arm/usr/lib/crtbegin_so.o
 .rel.data.rel.ro._ZTIPd
                0x00003c40       0x18 C:/Android/android-ndk-r8d/platforms/android-9/arch-arm/usr/lib/crtbegin_so.o
 .rel.data.rel.ro._ZTId
                0x00003c58       0x10 C:/Android/android-ndk-r8d/platforms/android-9/arch-arm/usr/lib/crtbegin_so.o
 .rel.data.rel.ro._ZTIPKf
                0x00003c68       0x18 C:/Android/android-ndk-r8d/platforms/android-9/arch-arm/usr/lib/crtbegin_so.o
 .rel.data.rel.ro._ZTIPf
                0x00003c80       0x18 C:/Android/android-ndk-r8d/platforms/android-9/arch-arm/usr/lib/crtbegin_so.o
 .rel.data.rel.ro._ZTIf
                0x00003c98       0x10 C:/Android/android-ndk-r8d/platforms/android-9/arch-arm/usr/lib/crtbegin_so.o
 .rel.data.rel.ro._ZTIPKy
                0x00003ca8       0x18 C:/Android/android-ndk-r8d/platforms/android-9/arch-arm/usr/lib/crtbegin_so.o
 .rel.data.rel.ro._ZTIPy
                0x00003cc0       0x18 C:/Android/android-ndk-r8d/platforms/android-9/arch-arm/usr/lib/crtbegin_so.o
 .rel.data.rel.ro._ZTIy
                0x00003cd8       0x10 C:/Android/android-ndk-r8d/platforms/android-9/arch-arm/usr/lib/crtbegin_so.o
 .rel.data.rel.ro._ZTIPKx
                0x00003ce8       0x18 C:/Android/android-ndk-r8d/platforms/android-9/arch-arm/usr/lib/crtbegin_so.o
 .rel.data.rel.ro._ZTIPx
                0x00003d00       0x18 C:/Android/android-ndk-r8d/platforms/android-9/arch-arm/usr/lib/crtbegin_so.o
 .rel.data.rel.ro._ZTIx
                0x00003d18       0x10 C:/Android/android-ndk-r8d/platforms/android-9/arch-arm/usr/lib/crtbegin_so.o
 .rel.data.rel.ro._ZTIPKm
                0x00003d28       0x18 C:/Android/android-ndk-r8d/platforms/android-9/arch-arm/usr/lib/crtbegin_so.o
 .rel.data.rel.ro._ZTIPm
                0x00003d40       0x18 C:/Android/android-ndk-r8d/platforms/android-9/arch-arm/usr/lib/crtbegin_so.o
 .rel.data.rel.ro._ZTIm
                0x00003d58       0x10 C:/Android/android-ndk-r8d/platforms/android-9/arch-arm/usr/lib/crtbegin_so.o
 .rel.data.rel.ro._ZTIPKl
                0x00003d68       0x18 C:/Android/android-ndk-r8d/platforms/android-9/arch-arm/usr/lib/crtbegin_so.o
 .rel.data.rel.ro._ZTIPl
                0x00003d80       0x18 C:/Android/android-ndk-r8d/platforms/android-9/arch-arm/usr/lib/crtbegin_so.o
 .rel.data.rel.ro._ZTIl
                0x00003d98       0x10 C:/Android/android-ndk-r8d/platforms/android-9/arch-arm/usr/lib/crtbegin_so.o
 .rel.data.rel.ro._ZTIPKj
                0x00003da8       0x18 C:/Android/android-ndk-r8d/platforms/android-9/arch-arm/usr/lib/crtbegin_so.o
 .rel.data.rel.ro._ZTIPj
                0x00003dc0       0x18 C:/Android/android-ndk-r8d/platforms/android-9/arch-arm/usr/lib/crtbegin_so.o
 .rel.data.rel.ro._ZTIj
                0x00003dd8       0x10 C:/Android/android-ndk-r8d/platforms/android-9/arch-arm/usr/lib/crtbegin_so.o
 .rel.data.rel.ro._ZTIPKi
                0x00003de8       0x18 C:/Android/android-ndk-r8d/platforms/android-9/arch-arm/usr/lib/crtbegin_so.o
 .rel.data.rel.ro._ZTIPi
                0x00003e00       0x18 C:/Android/android-ndk-r8d/platforms/android-9/arch-arm/usr/lib/crtbegin_so.o
 .rel.data.rel.ro._ZTIi
                0x00003e18       0x10 C:/Android/android-ndk-r8d/platforms/android-9/arch-arm/usr/lib/crtbegin_so.o
 .rel.data.rel.ro._ZTIPKt
                0x00003e28       0x18 C:/Android/android-ndk-r8d/platforms/android-9/arch-arm/usr/lib/crtbegin_so.o
 .rel.data.rel.ro._ZTIPt
                0x00003e40       0x18 C:/Android/android-ndk-r8d/platforms/android-9/arch-arm/usr/lib/crtbegin_so.o
 .rel.data.rel.ro._ZTIt
                0x00003e58       0x10 C:/Android/android-ndk-r8d/platforms/android-9/arch-arm/usr/lib/crtbegin_so.o
 .rel.data.rel.ro._ZTIPKs
                0x00003e68       0x18 C:/Android/android-ndk-r8d/platforms/android-9/arch-arm/usr/lib/crtbegin_so.o
 .rel.data.rel.ro._ZTIPs
                0x00003e80       0x18 C:/Android/android-ndk-r8d/platforms/android-9/arch-arm/usr/lib/crtbegin_so.o
 .rel.data.rel.ro._ZTIs
                0x00003e98       0x10 C:/Android/android-ndk-r8d/platforms/android-9/arch-arm/usr/lib/crtbegin_so.o
 .rel.data.rel.ro._ZTIPKh
                0x00003ea8       0x18 C:/Android/android-ndk-r8d/platforms/android-9/arch-arm/usr/lib/crtbegin_so.o
 .rel.data.rel.ro._ZTIPh
                0x00003ec0       0x18 C:/Android/android-ndk-r8d/platforms/android-9/arch-arm/usr/lib/crtbegin_so.o
 .rel.data.rel.ro._ZTIh
                0x00003ed8       0x10 C:/Android/android-ndk-r8d/platforms/android-9/arch-arm/usr/lib/crtbegin_so.o
 .rel.data.rel.ro._ZTIPKa
                0x00003ee8       0x18 C:/Android/android-ndk-r8d/platforms/android-9/arch-arm/usr/lib/crtbegin_so.o
 .rel.data.rel.ro._ZTIPa
                0x00003f00       0x18 C:/Android/android-ndk-r8d/platforms/android-9/arch-arm/usr/lib/crtbegin_so.o
 .rel.data.rel.ro._ZTIa
                0x00003f18       0x10 C:/Android/android-ndk-r8d/platforms/android-9/arch-arm/usr/lib/crtbegin_so.o
 .rel.data.rel.ro._ZTIPKc
                0x00003f28       0x18 C:/Android/android-ndk-r8d/platforms/android-9/arch-arm/usr/lib/crtbegin_so.o
 .rel.data.rel.ro._ZTIPc
                0x00003f40       0x18 C:/Android/android-ndk-r8d/platforms/android-9/arch-arm/usr/lib/crtbegin_so.o
 .rel.data.rel.ro._ZTIc
                0x00003f58       0x10 C:/Android/android-ndk-r8d/platforms/android-9/arch-arm/usr/lib/crtbegin_so.o
 .rel.data.rel.ro._ZTIPKDi
                0x00003f68       0x18 C:/Android/android-ndk-r8d/platforms/android-9/arch-arm/usr/lib/crtbegin_so.o
 .rel.data.rel.ro._ZTIPDi
                0x00003f80       0x18 C:/Android/android-ndk-r8d/platforms/android-9/arch-arm/usr/lib/crtbegin_so.o
 .rel.data.rel.ro._ZTIDi
                0x00003f98       0x10 C:/Android/android-ndk-r8d/platforms/android-9/arch-arm/usr/lib/crtbegin_so.o
 .rel.data.rel.ro._ZTIPKDs
                0x00003fa8       0x18 C:/Android/android-ndk-r8d/platforms/android-9/arch-arm/usr/lib/crtbegin_so.o
 .rel.data.rel.ro._ZTIPDs
                0x00003fc0       0x18 C:/Android/android-ndk-r8d/platforms/android-9/arch-arm/usr/lib/crtbegin_so.o
 .rel.data.rel.ro._ZTIDs
                0x00003fd8       0x10 C:/Android/android-ndk-r8d/platforms/android-9/arch-arm/usr/lib/crtbegin_so.o
 .rel.data.rel.ro._ZTIPKw
                0x00003fe8       0x18 C:/Android/android-ndk-r8d/platforms/android-9/arch-arm/usr/lib/crtbegin_so.o
 .rel.data.rel.ro._ZTIPw
                0x00004000       0x18 C:/Android/android-ndk-r8d/platforms/android-9/arch-arm/usr/lib/crtbegin_so.o
 .rel.data.rel.ro._ZTIw
                0x00004018       0x10 C:/Android/android-ndk-r8d/platforms/android-9/arch-arm/usr/lib/crtbegin_so.o
 .rel.data.rel.ro._ZTIPKb
                0x00004028       0x18 C:/Android/android-ndk-r8d/platforms/android-9/arch-arm/usr/lib/crtbegin_so.o
 .rel.data.rel.ro._ZTIPb
                0x00004040       0x18 C:/Android/android-ndk-r8d/platforms/android-9/arch-arm/usr/lib/crtbegin_so.o
 .rel.data.rel.ro._ZTIb
                0x00004058       0x10 C:/Android/android-ndk-r8d/platforms/android-9/arch-arm/usr/lib/crtbegin_so.o
 .rel.data.rel.ro._ZTIPKv
                0x00004068       0x18 C:/Android/android-ndk-r8d/platforms/android-9/arch-arm/usr/lib/crtbegin_so.o
 .rel.data.rel.ro._ZTIPv
                0x00004080       0x18 C:/Android/android-ndk-r8d/platforms/android-9/arch-arm/usr/lib/crtbegin_so.o
 .rel.data.rel.ro._ZTIv
                0x00004098       0x10 C:/Android/android-ndk-r8d/platforms/android-9/arch-arm/usr/lib/crtbegin_so.o
 .rel.data.rel.ro._ZTVN10__cxxabiv123__fundamental_type_infoE
                0x000040a8       0x38 C:/Android/android-ndk-r8d/platforms/android-9/arch-arm/usr/lib/crtbegin_so.o
 .rel.data.rel.ro._ZTIN10__cxxabiv123__fundamental_type_infoE
                0x000040e0       0x18 C:/Android/android-ndk-r8d/platforms/android-9/arch-arm/usr/lib/crtbegin_so.o
 .rel.data.rel.ro._ZTISt9bad_alloc
                0x000040f8       0x18 C:/Android/android-ndk-r8d/platforms/android-9/arch-arm/usr/lib/crtbegin_so.o
 .rel.data.rel.ro._ZTVSt9bad_alloc
                0x00004110       0x20 C:/Android/android-ndk-r8d/platforms/android-9/arch-arm/usr/lib/crtbegin_so.o
 .rel.data.rel.ro._ZTIN10__cxxabiv119__pointer_type_infoE
                0x00004130       0x18 C:/Android/android-ndk-r8d/platforms/android-9/arch-arm/usr/lib/crtbegin_so.o
 .rel.data.rel.ro._ZTVN10__cxxabiv119__pointer_type_infoE
                0x00004148       0x40 C:/Android/android-ndk-r8d/platforms/android-9/arch-arm/usr/lib/crtbegin_so.o
 .rel.data.rel.ro._ZTVN10__cxxabiv120__si_class_type_infoE
                0x00004188       0x50 C:/Android/android-ndk-r8d/platforms/android-9/arch-arm/usr/lib/crtbegin_so.o
 .rel.data.rel.ro._ZTIN10__cxxabiv120__si_class_type_infoE
                0x000041d8       0x18 C:/Android/android-ndk-r8d/platforms/android-9/arch-arm/usr/lib/crtbegin_so.o
 .rel.data.rel.ro._ZTVSt9type_info
                0x00000000        0x0 C:/Android/android-ndk-r8d/platforms/android-9/arch-arm/usr/lib/crtbegin_so.o
 .rel.data.rel.ro._ZTISt9type_info
                0x000041f0       0x10 C:/Android/android-ndk-r8d/platforms/android-9/arch-arm/usr/lib/crtbegin_so.o
 .rel.data.rel.ro._ZTISt8bad_cast
                0x00004200       0x18 C:/Android/android-ndk-r8d/platforms/android-9/arch-arm/usr/lib/crtbegin_so.o
 .rel.data.rel.ro._ZTVSt8bad_cast
                0x00004218       0x20 C:/Android/android-ndk-r8d/platforms/android-9/arch-arm/usr/lib/crtbegin_so.o
 .rel.data.rel.ro._ZTVSt10bad_typeid
                0x00004238       0x20 C:/Android/android-ndk-r8d/platforms/android-9/arch-arm/usr/lib/crtbegin_so.o
 .rel.data.rel.ro._ZTISt10bad_typeid
                0x00004258       0x18 C:/Android/android-ndk-r8d/platforms/android-9/arch-arm/usr/lib/crtbegin_so.o
 .rel.data.rel.ro._ZTVN10__cxxabiv117__class_type_infoE
                0x00004270       0x50 C:/Android/android-ndk-r8d/platforms/android-9/arch-arm/usr/lib/crtbegin_so.o
 .rel.data.rel.ro._ZTIN10__cxxabiv117__class_type_infoE
                0x000042c0       0x18 C:/Android/android-ndk-r8d/platforms/android-9/arch-arm/usr/lib/crtbegin_so.o
 .rel.data.rel.ro._ZTVN10__cxxabiv117__pbase_type_infoE
                0x000042d8       0x40 C:/Android/android-ndk-r8d/platforms/android-9/arch-arm/usr/lib/crtbegin_so.o
 .rel.data.rel.ro._ZTIN10__cxxabiv117__pbase_type_infoE
                0x00004318       0x18 C:/Android/android-ndk-r8d/platforms/android-9/arch-arm/usr/lib/crtbegin_so.o
 .rel.data.rel.ro.local
                0x00004330      0x590 C:/Android/android-ndk-r8d/platforms/android-9/arch-arm/usr/lib/crtbegin_so.o
 *(.rel.data .rel.data.* .rel.gnu.linkonce.d.*)
 .rel.data.rel._ZN10__cxxabiv120__unexpected_handlerE
                0x000048c0        0x8 C:/Android/android-ndk-r8d/platforms/android-9/arch-arm/usr/lib/crtbegin_so.o
 .rel.data.rel._ZN10__cxxabiv119__terminate_handlerE
                0x000048c8        0x8 C:/Android/android-ndk-r8d/platforms/android-9/arch-arm/usr/lib/crtbegin_so.o
 *(.rel.tdata .rel.tdata.* .rel.gnu.linkonce.td.*)
 *(.rel.tbss .rel.tbss.* .rel.gnu.linkonce.tb.*)
 *(.rel.ctors)
 *(.rel.dtors)
 *(.rel.got)
 .rel.got       0x000048d0      0x170 C:/Android/android-ndk-r8d/platforms/android-9/arch-arm/usr/lib/crtbegin_so.o
 *(.rel.bss .rel.bss.* .rel.gnu.linkonce.b.*)
 .rel.fini_array
                0x00004a40        0x8 C:/Android/android-ndk-r8d/platforms/android-9/arch-arm/usr/lib/crtbegin_so.o
 .rel.init_array
                0x00004a48       0x18 C:/Android/android-ndk-r8d/platforms/android-9/arch-arm/usr/lib/crtbegin_so.o

.rela.dyn
 *(.rela.init)
 *(.rela.text .rela.text.* .rela.gnu.linkonce.t.*)
 *(.rela.fini)
 *(.rela.rodata .rela.rodata.* .rela.gnu.linkonce.r.*)
 *(.rela.data .rela.data.* .rela.gnu.linkonce.d.*)
 *(.rela.tdata .rela.tdata.* .rela.gnu.linkonce.td.*)
 *(.rela.tbss .rela.tbss.* .rela.gnu.linkonce.tb.*)
 *(.rela.ctors)
 *(.rela.dtors)
 *(.rela.got)
 *(.rela.bss .rela.bss.* .rela.gnu.linkonce.b.*)

.rel.plt        0x00004a60      0x140
 *(.rel.plt)
 .rel.plt       0x00004a60      0x140 C:/Android/android-ndk-r8d/platforms/android-9/arch-arm/usr/lib/crtbegin_so.o

.rela.plt
 *(.rela.plt)

.init
 *(.init)

.plt            0x00004ba0      0x1f4
 *(.plt)
 .plt           0x00004ba0      0x1f4 C:/Android/android-ndk-r8d/platforms/android-9/arch-arm/usr/lib/crtbegin_so.o

.text           0x00004d94     0xb2fc
 *(.text .stub .text.* .gnu.linkonce.t.*)
 .text.exit     0x00004d94       0x10 C:/Android/android-ndk-r8d/platforms/android-9/arch-arm/usr/lib/crtbegin_so.o
                0x00004d94                __on_dlclose
 .text._ZN7_JNIEnv9FindClassEPKc
                0x00004da4       0x38 debug\s3eGooglePlayGames_platform.os
                0x00004da4                _JNIEnv::FindClass(char const*)
 .text._ZN7_JNIEnv17ExceptionOccurredEv
                0x00004ddc       0x30 debug\s3eGooglePlayGames_platform.os
                0x00004ddc                _JNIEnv::ExceptionOccurred()
 .text._ZN7_JNIEnv17ExceptionDescribeEv
                0x00004e0c       0x28 debug\s3eGooglePlayGames_platform.os
                0x00004e0c                _JNIEnv::ExceptionDescribe()
 .text._ZN7_JNIEnv14ExceptionClearEv
                0x00004e34       0x28 debug\s3eGooglePlayGames_platform.os
                0x00004e34                _JNIEnv::ExceptionClear()
 .text._ZN7_JNIEnv12NewGlobalRefEP8_jobject
                0x00004e5c       0x38 debug\s3eGooglePlayGames_platform.os
                0x00004e5c                _JNIEnv::NewGlobalRef(_jobject*)
 .text._ZN7_JNIEnv15DeleteGlobalRefEP8_jobject
                0x00004e94       0x30 debug\s3eGooglePlayGames_platform.os
                0x00004e94                _JNIEnv::DeleteGlobalRef(_jobject*)
 .text._ZN7_JNIEnv14DeleteLocalRefEP8_jobject
                0x00004ec4       0x30 debug\s3eGooglePlayGames_platform.os
                0x00004ec4                _JNIEnv::DeleteLocalRef(_jobject*)
 .text._ZN7_JNIEnv9NewObjectEP7_jclassP10_jmethodIDz
                0x00004ef4       0x5c debug\s3eGooglePlayGames_platform.os
                0x00004ef4                _JNIEnv::NewObject(_jclass*, _jmethodID*, ...)
 .text._ZN7_JNIEnv11GetMethodIDEP7_jclassPKcS3_
                0x00004f50       0x48 debug\s3eGooglePlayGames_platform.os
                0x00004f50                _JNIEnv::GetMethodID(_jclass*, char const*, char const*)
 .text._ZN7_JNIEnv17CallBooleanMethodEP8_jobjectP10_jmethodIDz
                0x00004f98       0x5c debug\s3eGooglePlayGames_platform.os
                0x00004f98                _JNIEnv::CallBooleanMethod(_jobject*, _jmethodID*, ...)
 .text._ZN7_JNIEnv13CallIntMethodEP8_jobjectP10_jmethodIDz
                0x00004ff4       0x5c debug\s3eGooglePlayGames_platform.os
                0x00004ff4                _JNIEnv::CallIntMethod(_jobject*, _jmethodID*, ...)
 .text._ZN7_JNIEnv14CallVoidMethodEP8_jobjectP10_jmethodIDz
                0x00005050       0x4c debug\s3eGooglePlayGames_platform.os
                0x00005050                _JNIEnv::CallVoidMethod(_jobject*, _jmethodID*, ...)
 .text._ZN7_JNIEnv15GetStringLengthEP8_jstring
                0x0000509c       0x38 debug\s3eGooglePlayGames_platform.os
                0x0000509c                _JNIEnv::GetStringLength(_jstring*)
 .text._ZN7_JNIEnv12NewStringUTFEPKc
                0x000050d4       0x38 debug\s3eGooglePlayGames_platform.os
                0x000050d4                _JNIEnv::NewStringUTF(char const*)
 .text._ZN7_JNIEnv17GetStringUTFCharsEP8_jstringPh
                0x0000510c       0x40 debug\s3eGooglePlayGames_platform.os
                0x0000510c                _JNIEnv::GetStringUTFChars(_jstring*, unsigned char*)
 .text._ZN7_JNIEnv21ReleaseStringUTFCharsEP8_jstringPKc
                0x0000514c       0x38 debug\s3eGooglePlayGames_platform.os
                0x0000514c                _JNIEnv::ReleaseStringUTFChars(_jstring*, char const*)
 .text._ZN7_JNIEnv15RegisterNativesEP7_jclassPK15JNINativeMethodi
                0x00005184       0x48 debug\s3eGooglePlayGames_platform.os
                0x00005184                _JNIEnv::RegisterNatives(_jclass*, JNINativeMethod const*, int)
 .text._ZN7_JavaVM6GetEnvEPPvi
                0x000051cc       0x40 debug\s3eGooglePlayGames_platform.os
                0x000051cc                _JavaVM::GetEnv(void**, int)
 .text._ZL15s3eEdkJNIGetEnvv
                0x0000520c       0x44 debug\s3eGooglePlayGames_platform.os
 .text._ZL27s3eEdkAndroidFindClass_realPKc
                0x00005250       0xa4 debug\s3eGooglePlayGames_platform.os
 .text._ZL22s3eEdkAndroidFindClassPKc
                0x000052f4       0x38 debug\s3eGooglePlayGames_platform.os
 .text._Z31s3eGooglePlayGamesInit_platformv
                0x0000532c      0x660 debug\s3eGooglePlayGames_platform.os
                0x0000532c                s3eGooglePlayGamesInit_platform()
 .text._Z36s3eGooglePlayGamesTerminate_platformv
                0x0000598c       0x48 debug\s3eGooglePlayGames_platform.os
                0x0000598c                s3eGooglePlayGamesTerminate_platform()
 .text._Z25s3eGPGInitialize_platformv
                0x000059d4       0x54 debug\s3eGooglePlayGames_platform.os
                0x000059d4                s3eGPGInitialize_platform()
 .text._Z27s3eGPGDeInitialize_platformv
                0x00005a28       0x4c debug\s3eGooglePlayGames_platform.os
                0x00005a28                s3eGPGDeInitialize_platform()
 .text._Z31s3eGPGRegisterCallback_platform18s3eGPGCallbackTypePFiPvS0_ES0_
                0x00005a74       0x48 debug\s3eGooglePlayGames_platform.os
                0x00005a74                s3eGPGRegisterCallback_platform(s3eGPGCallbackType, int (*)(void*, void*), void*)
 .text._Z33s3eGPGUnRegisterCallback_platform18s3eGPGCallbackTypePFiPvS0_E
                0x00005abc       0x3c debug\s3eGooglePlayGames_platform.os
                0x00005abc                s3eGPGUnRegisterCallback_platform(s3eGPGCallbackType, int (*)(void*, void*))
 .text._Z32s3eGPGUnlockAchievement_platformPKc
                0x00005af8       0x68 debug\s3eGooglePlayGames_platform.os
                0x00005af8                s3eGPGUnlockAchievement_platform(char const*)
 .text._Z43s3eGPGUnlockIncrementalAchievement_platformPKci
                0x00005b60       0x74 debug\s3eGooglePlayGames_platform.os
                0x00005b60                s3eGPGUnlockIncrementalAchievement_platform(char const*, int)
 .text._Z33s3eGPGShowAchievementsUI_platformv
                0x00005bd4       0x4c debug\s3eGooglePlayGames_platform.os
                0x00005bd4                s3eGPGShowAchievementsUI_platform()
 .text._Z37s3eGPGSubmitLeaderboardScore_platformPKci
                0x00005c20       0x74 debug\s3eGooglePlayGames_platform.os
                0x00005c20                s3eGPGSubmitLeaderboardScore_platform(char const*, int)
 .text._Z32s3eGPGShowLeaderboardUI_platformPKc
                0x00005c94       0x68 debug\s3eGooglePlayGames_platform.os
                0x00005c94                s3eGPGShowLeaderboardUI_platform(char const*)
 .text._Z25s3eGPGIsSignedIn_platformv
                0x00005cfc       0x64 debug\s3eGooglePlayGames_platform.os
                0x00005cfc                s3eGPGIsSignedIn_platform()
 .text._ZL13JStringToCharP7_JNIEnvP8_jstring
                0x00005d60       0xa0 debug\s3eGooglePlayGames_platform.os
 .text._ZL31s3eGPG_DeallocateInitializationjiPvS_iS_
                0x00005e00       0x60 debug\s3eGooglePlayGames_platform.os
 .text._Z21s3eGPG_INITIALIZATIONP7_JNIEnvP8_jobjectiP8_jstring
                0x00005e60       0xa8 debug\s3eGooglePlayGames_platform.os
                0x00005e60                s3eGPG_INITIALIZATION(_JNIEnv*, _jobject*, int, _jstring*)
 .text._Z22s3eGooglePlayGamesInitv
                0x00005f08       0x14 debug\s3eGooglePlayGames.os
                0x00005f08                s3eGooglePlayGamesInit()
 .text._Z27s3eGooglePlayGamesTerminatev
                0x00005f1c        0xc debug\s3eGooglePlayGames.os
                0x00005f1c                s3eGooglePlayGamesTerminate()
 .text.s3eGPGInitialize
                0x00005f28       0x14 debug\s3eGooglePlayGames.os
                0x00005f28                s3eGPGInitialize
 .text.s3eGPGDeInitialize
                0x00005f3c        0xc debug\s3eGooglePlayGames.os
                0x00005f3c                s3eGPGDeInitialize
 .text.s3eGPGRegisterCallback
                0x00005f48       0x2c debug\s3eGooglePlayGames.os
                0x00005f48                s3eGPGRegisterCallback
 .text.s3eGPGUnRegisterCallback
                0x00005f74       0x24 debug\s3eGooglePlayGames.os
                0x00005f74                s3eGPGUnRegisterCallback
 .text.s3eGPGUnlockAchievement
                0x00005f98       0x1c debug\s3eGooglePlayGames.os
                0x00005f98                s3eGPGUnlockAchievement
 .text.s3eGPGUnlockIncrementalAchievement
                0x00005fb4       0x24 debug\s3eGooglePlayGames.os
                0x00005fb4                s3eGPGUnlockIncrementalAchievement
 .text.s3eGPGShowAchievementsUI
                0x00005fd8        0xc debug\s3eGooglePlayGames.os
                0x00005fd8                s3eGPGShowAchievementsUI
 .text.s3eGPGSubmitLeaderboardScore
                0x00005fe4       0x24 debug\s3eGooglePlayGames.os
                0x00005fe4                s3eGPGSubmitLeaderboardScore
 .text.s3eGPGShowLeaderboardUI
                0x00006008       0x1c debug\s3eGooglePlayGames.os
                0x00006008                s3eGPGShowLeaderboardUI
 .text.s3eGPGIsSignedIn
                0x00006024        0xc debug\s3eGooglePlayGames.os
                0x00006024                s3eGPGIsSignedIn
 .text._ZL21s3eGPGInitialize_wrapv
                0x00006030       0x90 debug\s3eGooglePlayGames_register.os
 .text._ZL23s3eGPGDeInitialize_wrapv
                0x000060c0       0x88 debug\s3eGooglePlayGames_register.os
 .text._ZL27s3eGPGRegisterCallback_wrap18s3eGPGCallbackTypePFiPvS0_ES0_
                0x00006148       0xb4 debug\s3eGooglePlayGames_register.os
 .text._ZL29s3eGPGUnRegisterCallback_wrap18s3eGPGCallbackTypePFiPvS0_E
                0x000061fc       0xa8 debug\s3eGooglePlayGames_register.os
 .text._ZL28s3eGPGUnlockAchievement_wrapPKc
                0x000062a4       0x98 debug\s3eGooglePlayGames_register.os
 .text._ZL39s3eGPGUnlockIncrementalAchievement_wrapPKci
                0x0000633c       0xa0 debug\s3eGooglePlayGames_register.os
 .text._ZL29s3eGPGShowAchievementsUI_wrapv
                0x000063dc       0x88 debug\s3eGooglePlayGames_register.os
 .text._ZL33s3eGPGSubmitLeaderboardScore_wrapPKci
                0x00006464       0xa0 debug\s3eGooglePlayGames_register.os
 .text._ZL28s3eGPGShowLeaderboardUI_wrapPKc
                0x00006504       0x98 debug\s3eGooglePlayGames_register.os
 .text._Z29s3eGooglePlayGamesRegisterExtv
                0x0000659c      0x184 debug\s3eGooglePlayGames_register.os
                0x0000659c                s3eGooglePlayGamesRegisterExt()
 .text.RegisterExt
                0x00006720        0xc debug\s3eGooglePlayGames_register.os
                0x00006720                RegisterExt
 .text.IwDebugTraceSetTraceChannel
                0x0000672c       0x1c C:\marmalade\6.2\s3e\edk\lib\android\libedk.a(IwDebug.o)
                0x0000672c                IwDebugTraceSetTraceChannel
 .text._GLOBAL__I_Z__sdk_modules_iwcore_source_IwDebug.cpp
                0x00006748       0xa4 C:\marmalade\6.2\s3e\edk\lib\android\libedk.a(IwDebug.o)
 .text.IwDebugTraceIsChannelOn
                0x000067ec      0x2b8 C:\marmalade\6.2\s3e\edk\lib\android\libedk.a(IwDebug.o)
                0x000067ec                IwDebugTraceIsChannelOn
 .text.IwDebugTraceLinePrintf
                0x00006aa4      0x10c C:\marmalade\6.2\s3e\edk\lib\android\libedk.a(IwDebug.o)
                0x00006aa4                IwDebugTraceLinePrintf
 .text.s3eEdkThreadRunOnOS
                0x00006bb0       0x30 C:\marmalade\6.2\s3e\edk\lib\android\libedk.a(edk_helpers.o)
                0x00006bb0                s3eEdkThreadRunOnOS
 .text._ZdlPv   0x00006be0        0xc C:\Android\android-ndk-r8d\sources\cxx-stl\gnu-libstdc++\4.4.3\libs\armeabi\libgnustl_static.a(del_op.o)
                0x00006be0                operator delete(void*)
 .text._ZdaPv   0x00006bec        0x4 C:\Android\android-ndk-r8d\sources\cxx-stl\gnu-libstdc++\4.4.3\libs\armeabi\libgnustl_static.a(del_opv.o)
                0x00006bec                operator delete[](void*)
 .text._Znwj    0x00006bf0       0xb4 C:\Android\android-ndk-r8d\sources\cxx-stl\gnu-libstdc++\4.4.3\libs\armeabi\libgnustl_static.a(new_op.o)
                0x00006bf0                operator new(unsigned int)
 .text._Znaj    0x00006ca4       0x1c C:\Android\android-ndk-r8d\sources\cxx-stl\gnu-libstdc++\4.4.3\libs\armeabi\libgnustl_static.a(new_opv.o)
                0x00006ca4                operator new[](unsigned int)
 .text._ZNK9__gnu_cxx24__concurrence_lock_error4whatEv
                0x00006cc0       0x10 C:\Android\android-ndk-r8d\sources\cxx-stl\gnu-libstdc++\4.4.3\libs\armeabi\libgnustl_static.a(eh_alloc.o)
                0x00006cc0                __gnu_cxx::__concurrence_lock_error::what() const
 .text._ZNK9__gnu_cxx26__concurrence_unlock_error4whatEv
                0x00006cd0       0x10 C:\Android\android-ndk-r8d\sources\cxx-stl\gnu-libstdc++\4.4.3\libs\armeabi\libgnustl_static.a(eh_alloc.o)
                0x00006cd0                __gnu_cxx::__concurrence_unlock_error::what() const
 .text._GLOBAL__I_eh_alloc.cc
                0x00006ce0       0x28 C:\Android\android-ndk-r8d\sources\cxx-stl\gnu-libstdc++\4.4.3\libs\armeabi\libgnustl_static.a(eh_alloc.o)
 .text._ZN9__gnu_cxx24__concurrence_lock_errorD1Ev
                0x00006d08       0x28 C:\Android\android-ndk-r8d\sources\cxx-stl\gnu-libstdc++\4.4.3\libs\armeabi\libgnustl_static.a(eh_alloc.o)
                0x00006d08                __gnu_cxx::__concurrence_lock_error::~__concurrence_lock_error()
 .text._ZN9__gnu_cxx26__concurrence_unlock_errorD1Ev
                0x00006d30       0x28 C:\Android\android-ndk-r8d\sources\cxx-stl\gnu-libstdc++\4.4.3\libs\armeabi\libgnustl_static.a(eh_alloc.o)
                0x00006d30                __gnu_cxx::__concurrence_unlock_error::~__concurrence_unlock_error()
 .text._ZN9__gnu_cxx13__scoped_lockD1Ev
                0x00006d58       0x68 C:\Android\android-ndk-r8d\sources\cxx-stl\gnu-libstdc++\4.4.3\libs\armeabi\libgnustl_static.a(eh_alloc.o)
                0x00006d58                __gnu_cxx::__scoped_lock::~__scoped_lock()
 .text._ZN9__gnu_cxx26__concurrence_unlock_errorD0Ev
                0x00006dc0       0x30 C:\Android\android-ndk-r8d\sources\cxx-stl\gnu-libstdc++\4.4.3\libs\armeabi\libgnustl_static.a(eh_alloc.o)
                0x00006dc0                __gnu_cxx::__concurrence_unlock_error::~__concurrence_unlock_error()
 .text._ZN9__gnu_cxx24__concurrence_lock_errorD0Ev
                0x00006df0       0x30 C:\Android\android-ndk-r8d\sources\cxx-stl\gnu-libstdc++\4.4.3\libs\armeabi\libgnustl_static.a(eh_alloc.o)
                0x00006df0                __gnu_cxx::__concurrence_lock_error::~__concurrence_lock_error()
 .text.__cxa_free_dependent_exception
                0x00006e20      0x124 C:\Android\android-ndk-r8d\sources\cxx-stl\gnu-libstdc++\4.4.3\libs\armeabi\libgnustl_static.a(eh_alloc.o)
                0x00006e20                __cxa_free_dependent_exception
 .text.__cxa_free_exception
                0x00006f44      0x11c C:\Android\android-ndk-r8d\sources\cxx-stl\gnu-libstdc++\4.4.3\libs\armeabi\libgnustl_static.a(eh_alloc.o)
                0x00006f44                __cxa_free_exception
 .text.__cxa_allocate_dependent_exception
                0x00007060      0x18c C:\Android\android-ndk-r8d\sources\cxx-stl\gnu-libstdc++\4.4.3\libs\armeabi\libgnustl_static.a(eh_alloc.o)
                0x00007060                __cxa_allocate_dependent_exception
 .text.__cxa_allocate_exception
                0x000071ec      0x18c C:\Android\android-ndk-r8d\sources\cxx-stl\gnu-libstdc++\4.4.3\libs\armeabi\libgnustl_static.a(eh_alloc.o)
                0x000071ec                __cxa_allocate_exception
 .text          0x00007378       0x10 C:\Android\android-ndk-r8d\sources\cxx-stl\gnu-libstdc++\4.4.3\libs\armeabi\libgnustl_static.a(eh_arm.o)
                0x00007378                __cxa_end_cleanup
 .text.__cxa_type_match
                0x00007388      0x1ac C:\Android\android-ndk-r8d\sources\cxx-stl\gnu-libstdc++\4.4.3\libs\armeabi\libgnustl_static.a(eh_arm.o)
                0x00007388                __cxa_type_match
 .text.__cxa_begin_cleanup
                0x00007534       0xb4 C:\Android\android-ndk-r8d\sources\cxx-stl\gnu-libstdc++\4.4.3\libs\armeabi\libgnustl_static.a(eh_arm.o)
                0x00007534                __cxa_begin_cleanup
 .text.__gnu_end_cleanup
                0x000075e8       0xb4 C:\Android\android-ndk-r8d\sources\cxx-stl\gnu-libstdc++\4.4.3\libs\armeabi\libgnustl_static.a(eh_arm.o)
                0x000075e8                __gnu_end_cleanup
 .text.__cxa_bad_typeid
                0x0000769c       0x48 C:\Android\android-ndk-r8d\sources\cxx-stl\gnu-libstdc++\4.4.3\libs\armeabi\libgnustl_static.a(eh_aux_runtime.o)
                0x0000769c                __cxa_bad_typeid
 .text.__cxa_bad_cast
                0x000076e4       0x48 C:\Android\android-ndk-r8d\sources\cxx-stl\gnu-libstdc++\4.4.3\libs\armeabi\libgnustl_static.a(eh_aux_runtime.o)
                0x000076e4                __cxa_bad_cast
 .text.__cxa_call_terminate
                0x0000772c       0x7c C:\Android\android-ndk-r8d\sources\cxx-stl\gnu-libstdc++\4.4.3\libs\armeabi\libgnustl_static.a(eh_call.o)
                0x0000772c                __cxa_call_terminate
 .text.__cxa_call_unexpected
                0x000077a8      0x1d0 C:\Android\android-ndk-r8d\sources\cxx-stl\gnu-libstdc++\4.4.3\libs\armeabi\libgnustl_static.a(eh_call.o)
                0x000077a8                __cxa_call_unexpected
 .text.__cxa_get_exception_ptr
                0x00007978        0x8 C:\Android\android-ndk-r8d\sources\cxx-stl\gnu-libstdc++\4.4.3\libs\armeabi\libgnustl_static.a(eh_catch.o)
                0x00007978                __cxa_get_exception_ptr
 .text._ZSt18uncaught_exceptionv
                0x00007980       0x18 C:\Android\android-ndk-r8d\sources\cxx-stl\gnu-libstdc++\4.4.3\libs\armeabi\libgnustl_static.a(eh_catch.o)
                0x00007980                std::uncaught_exception()
 .text.__cxa_end_catch
                0x00007998       0xdc C:\Android\android-ndk-r8d\sources\cxx-stl\gnu-libstdc++\4.4.3\libs\armeabi\libgnustl_static.a(eh_catch.o)
                0x00007998                __cxa_end_catch
 .text.__cxa_begin_catch
                0x00007a74       0xdc C:\Android\android-ndk-r8d\sources\cxx-stl\gnu-libstdc++\4.4.3\libs\armeabi\libgnustl_static.a(eh_catch.o)
                0x00007a74                __cxa_begin_catch
 .text._ZNSt9exceptionD2Ev
                0x00007b50        0x4 C:\Android\android-ndk-r8d\sources\cxx-stl\gnu-libstdc++\4.4.3\libs\armeabi\libgnustl_static.a(eh_exception.o)
                0x00007b50                std::exception::~exception()
 .text._ZNSt9exceptionD1Ev
                0x00007b54        0x4 C:\Android\android-ndk-r8d\sources\cxx-stl\gnu-libstdc++\4.4.3\libs\armeabi\libgnustl_static.a(eh_exception.o)
                0x00007b54                std::exception::~exception()
 .text._ZNSt13bad_exceptionD2Ev
                0x00007b58       0x34 C:\Android\android-ndk-r8d\sources\cxx-stl\gnu-libstdc++\4.4.3\libs\armeabi\libgnustl_static.a(eh_exception.o)
                0x00007b58                std::bad_exception::~bad_exception()
 .text._ZNSt13bad_exceptionD1Ev
                0x00007b8c       0x34 C:\Android\android-ndk-r8d\sources\cxx-stl\gnu-libstdc++\4.4.3\libs\armeabi\libgnustl_static.a(eh_exception.o)
                0x00007b8c                std::bad_exception::~bad_exception()
 .text._ZN10__cxxabiv115__forced_unwindD2Ev
                0x00007bc0        0x4 C:\Android\android-ndk-r8d\sources\cxx-stl\gnu-libstdc++\4.4.3\libs\armeabi\libgnustl_static.a(eh_exception.o)
                0x00007bc0                __cxxabiv1::__forced_unwind::~__forced_unwind()
 .text._ZN10__cxxabiv115__forced_unwindD1Ev
                0x00007bc4        0x4 C:\Android\android-ndk-r8d\sources\cxx-stl\gnu-libstdc++\4.4.3\libs\armeabi\libgnustl_static.a(eh_exception.o)
                0x00007bc4                __cxxabiv1::__forced_unwind::~__forced_unwind()
 .text._ZN10__cxxabiv119__foreign_exceptionD2Ev
                0x00007bc8        0x4 C:\Android\android-ndk-r8d\sources\cxx-stl\gnu-libstdc++\4.4.3\libs\armeabi\libgnustl_static.a(eh_exception.o)
                0x00007bc8                __cxxabiv1::__foreign_exception::~__foreign_exception()
 .text._ZN10__cxxabiv119__foreign_exceptionD1Ev
                0x00007bcc        0x4 C:\Android\android-ndk-r8d\sources\cxx-stl\gnu-libstdc++\4.4.3\libs\armeabi\libgnustl_static.a(eh_exception.o)
                0x00007bcc                __cxxabiv1::__foreign_exception::~__foreign_exception()
 .text._ZNKSt9exception4whatEv
                0x00007bd0       0x10 C:\Android\android-ndk-r8d\sources\cxx-stl\gnu-libstdc++\4.4.3\libs\armeabi\libgnustl_static.a(eh_exception.o)
                0x00007bd0                std::exception::what() const
 .text._ZNKSt13bad_exception4whatEv
                0x00007be0       0x10 C:\Android\android-ndk-r8d\sources\cxx-stl\gnu-libstdc++\4.4.3\libs\armeabi\libgnustl_static.a(eh_exception.o)
                0x00007be0                std::bad_exception::what() const
 .text._ZN10__cxxabiv119__foreign_exceptionD0Ev
                0x00007bf0       0x1c C:\Android\android-ndk-r8d\sources\cxx-stl\gnu-libstdc++\4.4.3\libs\armeabi\libgnustl_static.a(eh_exception.o)
                0x00007bf0                __cxxabiv1::__foreign_exception::~__foreign_exception()
 .text._ZN10__cxxabiv115__forced_unwindD0Ev
                0x00007c0c       0x1c C:\Android\android-ndk-r8d\sources\cxx-stl\gnu-libstdc++\4.4.3\libs\armeabi\libgnustl_static.a(eh_exception.o)
                0x00007c0c                __cxxabiv1::__forced_unwind::~__forced_unwind()
 .text._ZNSt9exceptionD0Ev
                0x00007c28       0x1c C:\Android\android-ndk-r8d\sources\cxx-stl\gnu-libstdc++\4.4.3\libs\armeabi\libgnustl_static.a(eh_exception.o)
                0x00007c28                std::exception::~exception()
 .text._ZNSt13bad_exceptionD0Ev
                0x00007c44       0x1c C:\Android\android-ndk-r8d\sources\cxx-stl\gnu-libstdc++\4.4.3\libs\armeabi\libgnustl_static.a(eh_exception.o)
                0x00007c44                std::bad_exception::~bad_exception()
 .text._GLOBAL__I_eh_globals.cc
                0x00007c60       0x5c C:\Android\android-ndk-r8d\sources\cxx-stl\gnu-libstdc++\4.4.3\libs\armeabi\libgnustl_static.a(eh_globals.o)
 .text._ZL15eh_globals_dtorPv
                0x00007cbc       0x38 C:\Android\android-ndk-r8d\sources\cxx-stl\gnu-libstdc++\4.4.3\libs\armeabi\libgnustl_static.a(eh_globals.o)
 .text._ZN17__eh_globals_initD1Ev
                0x00007cf4       0x34 C:\Android\android-ndk-r8d\sources\cxx-stl\gnu-libstdc++\4.4.3\libs\armeabi\libgnustl_static.a(eh_globals.o)
                0x00007cf4                __eh_globals_init::~__eh_globals_init()
 .text.__cxa_get_globals_fast
                0x00007d28       0x48 C:\Android\android-ndk-r8d\sources\cxx-stl\gnu-libstdc++\4.4.3\libs\armeabi\libgnustl_static.a(eh_globals.o)
                0x00007d28                __cxa_get_globals_fast
 .text.__cxa_get_globals
                0x00007d70       0x90 C:\Android\android-ndk-r8d\sources\cxx-stl\gnu-libstdc++\4.4.3\libs\armeabi\libgnustl_static.a(eh_globals.o)
                0x00007d70                __cxa_get_globals
 .text._ZL12read_sleb128PKhPl
                0x00007e00       0x44 C:\Android\android-ndk-r8d\sources\cxx-stl\gnu-libstdc++\4.4.3\libs\armeabi\libgnustl_static.a(eh_personality.o)
 .text._ZL21base_of_encoded_valuehP15_Unwind_Context
                0x00007e44       0x78 C:\Android\android-ndk-r8d\sources\cxx-stl\gnu-libstdc++\4.4.3\libs\armeabi\libgnustl_static.a(eh_personality.o)
 .text._ZL17parse_lsda_headerP15_Unwind_ContextPKhP16lsda_header_info
                0x00007ebc      0x214 C:\Android\android-ndk-r8d\sources\cxx-stl\gnu-libstdc++\4.4.3\libs\armeabi\libgnustl_static.a(eh_personality.o)
 .text.__gxx_personality_v0
                0x000080d0      0x9d4 C:\Android\android-ndk-r8d\sources\cxx-stl\gnu-libstdc++\4.4.3\libs\armeabi\libgnustl_static.a(eh_personality.o)
                0x000080d0                __gxx_personality_v0
 .text._ZSt13set_terminatePFvvE
                0x00008aa4       0x2c C:\Android\android-ndk-r8d\sources\cxx-stl\gnu-libstdc++\4.4.3\libs\armeabi\libgnustl_static.a(eh_terminate.o)
                0x00008aa4                std::set_terminate(void (*)())
 .text._ZSt14set_unexpectedPFvvE
                0x00008ad0       0x2c C:\Android\android-ndk-r8d\sources\cxx-stl\gnu-libstdc++\4.4.3\libs\armeabi\libgnustl_static.a(eh_terminate.o)
                0x00008ad0                std::set_unexpected(void (*)())
 .text._ZN10__cxxabiv111__terminateEPFvvE
                0x00008afc       0x28 C:\Android\android-ndk-r8d\sources\cxx-stl\gnu-libstdc++\4.4.3\libs\armeabi\libgnustl_static.a(eh_terminate.o)
                0x00008afc                __cxxabiv1::__terminate(void (*)())
 .text._ZSt9terminatev
                0x00008b24       0x1c C:\Android\android-ndk-r8d\sources\cxx-stl\gnu-libstdc++\4.4.3\libs\armeabi\libgnustl_static.a(eh_terminate.o)
                0x00008b24                std::terminate()
 .text._ZN10__cxxabiv112__unexpectedEPFvvE
                0x00008b40       0x10 C:\Android\android-ndk-r8d\sources\cxx-stl\gnu-libstdc++\4.4.3\libs\armeabi\libgnustl_static.a(eh_terminate.o)
                0x00008b40                __cxxabiv1::__unexpected(void (*)())
 .text._ZSt10unexpectedv
                0x00008b50       0x1c C:\Android\android-ndk-r8d\sources\cxx-stl\gnu-libstdc++\4.4.3\libs\armeabi\libgnustl_static.a(eh_terminate.o)
                0x00008b50                std::unexpected()
 .text.__cxa_rethrow
                0x00008b6c       0xb8 C:\Android\android-ndk-r8d\sources\cxx-stl\gnu-libstdc++\4.4.3\libs\armeabi\libgnustl_static.a(eh_throw.o)
                0x00008b6c                __cxa_rethrow
 .text.__cxa_throw
                0x00008c24       0xa4 C:\Android\android-ndk-r8d\sources\cxx-stl\gnu-libstdc++\4.4.3\libs\armeabi\libgnustl_static.a(eh_throw.o)
                0x00008c24                __cxa_throw
 .text._ZL23__gxx_exception_cleanup19_Unwind_Reason_CodeP21_Unwind_Control_Block
                0x00008cc8       0x44 C:\Android\android-ndk-r8d\sources\cxx-stl\gnu-libstdc++\4.4.3\libs\armeabi\libgnustl_static.a(eh_throw.o)
 .text._ZN10__cxxabiv123__fundamental_type_infoD1Ev
                0x00008d0c       0x34 C:\Android\android-ndk-r8d\sources\cxx-stl\gnu-libstdc++\4.4.3\libs\armeabi\libgnustl_static.a(fundamental_type_info.o)
                0x00008d0c                __cxxabiv1::__fundamental_type_info::~__fundamental_type_info()
 .text._ZN10__cxxabiv123__fundamental_type_infoD0Ev
                0x00008d40       0x1c C:\Android\android-ndk-r8d\sources\cxx-stl\gnu-libstdc++\4.4.3\libs\armeabi\libgnustl_static.a(fundamental_type_info.o)
                0x00008d40                __cxxabiv1::__fundamental_type_info::~__fundamental_type_info()
 .text._ZN10__cxxabiv123__fundamental_type_infoD2Ev
                0x00008d5c       0x34 C:\Android\android-ndk-r8d\sources\cxx-stl\gnu-libstdc++\4.4.3\libs\armeabi\libgnustl_static.a(fundamental_type_info.o)
                0x00008d5c                __cxxabiv1::__fundamental_type_info::~__fundamental_type_info()
 .text._ZSt15set_new_handlerPFvvE
                0x00008d90       0x1c C:\Android\android-ndk-r8d\sources\cxx-stl\gnu-libstdc++\4.4.3\libs\armeabi\libgnustl_static.a(new_handler.o)
                0x00008d90                std::set_new_handler(void (*)())
 .text._ZNKSt9bad_alloc4whatEv
                0x00008dac       0x10 C:\Android\android-ndk-r8d\sources\cxx-stl\gnu-libstdc++\4.4.3\libs\armeabi\libgnustl_static.a(new_handler.o)
                0x00008dac                std::bad_alloc::what() const
 .text._ZNSt9bad_allocD1Ev
                0x00008dbc       0x34 C:\Android\android-ndk-r8d\sources\cxx-stl\gnu-libstdc++\4.4.3\libs\armeabi\libgnustl_static.a(new_handler.o)
                0x00008dbc                std::bad_alloc::~bad_alloc()
 .text._ZNSt9bad_allocD0Ev
                0x00008df0       0x1c C:\Android\android-ndk-r8d\sources\cxx-stl\gnu-libstdc++\4.4.3\libs\armeabi\libgnustl_static.a(new_handler.o)
                0x00008df0                std::bad_alloc::~bad_alloc()
 .text._ZNSt9bad_allocD2Ev
                0x00008e0c       0x34 C:\Android\android-ndk-r8d\sources\cxx-stl\gnu-libstdc++\4.4.3\libs\armeabi\libgnustl_static.a(new_handler.o)
                0x00008e0c                std::bad_alloc::~bad_alloc()
 .text._ZNK10__cxxabiv119__pointer_type_info14__is_pointer_pEv
                0x00008e40        0x8 C:\Android\android-ndk-r8d\sources\cxx-stl\gnu-libstdc++\4.4.3\libs\armeabi\libgnustl_static.a(pointer_type_info.o)
                0x00008e40                __cxxabiv1::__pointer_type_info::__is_pointer_p() const
 .text._ZNK10__cxxabiv119__pointer_type_info15__pointer_catchEPKNS_17__pbase_type_infoEPPvj
                0x00008e48       0x88 C:\Android\android-ndk-r8d\sources\cxx-stl\gnu-libstdc++\4.4.3\libs\armeabi\libgnustl_static.a(pointer_type_info.o)
                0x00008e48                __cxxabiv1::__pointer_type_info::__pointer_catch(__cxxabiv1::__pbase_type_info const*, void**, unsigned int) const
 .text._ZN10__cxxabiv119__pointer_type_infoD1Ev
                0x00008ed0       0x34 C:\Android\android-ndk-r8d\sources\cxx-stl\gnu-libstdc++\4.4.3\libs\armeabi\libgnustl_static.a(pointer_type_info.o)
                0x00008ed0                __cxxabiv1::__pointer_type_info::~__pointer_type_info()
 .text._ZN10__cxxabiv119__pointer_type_infoD0Ev
                0x00008f04       0x1c C:\Android\android-ndk-r8d\sources\cxx-stl\gnu-libstdc++\4.4.3\libs\armeabi\libgnustl_static.a(pointer_type_info.o)
                0x00008f04                __cxxabiv1::__pointer_type_info::~__pointer_type_info()
 .text._ZN10__cxxabiv119__pointer_type_infoD2Ev
                0x00008f20       0x34 C:\Android\android-ndk-r8d\sources\cxx-stl\gnu-libstdc++\4.4.3\libs\armeabi\libgnustl_static.a(pointer_type_info.o)
                0x00008f20                __cxxabiv1::__pointer_type_info::~__pointer_type_info()
 .text.__cxa_pure_virtual
                0x00008f54       0x20 C:\Android\android-ndk-r8d\sources\cxx-stl\gnu-libstdc++\4.4.3\libs\armeabi\libgnustl_static.a(pure.o)
                0x00008f54                __cxa_pure_virtual
 .text._ZNK10__cxxabiv120__si_class_type_info11__do_upcastEPKNS_17__class_type_infoEPKvRNS1_15__upcast_resultE
                0x00008f74       0x48 C:\Android\android-ndk-r8d\sources\cxx-stl\gnu-libstdc++\4.4.3\libs\armeabi\libgnustl_static.a(si_class_type_info.o)
                0x00008f74                __cxxabiv1::__si_class_type_info::__do_upcast(__cxxabiv1::__class_type_info const*, void const*, __cxxabiv1::__class_type_info::__upcast_result&) const
 .text._ZNK10__cxxabiv120__si_class_type_info12__do_dyncastEiNS_17__class_type_info10__sub_kindEPKS1_PKvS4_S6_RNS1_16__dyncast_resultE
                0x00008fbc       0xd0 C:\Android\android-ndk-r8d\sources\cxx-stl\gnu-libstdc++\4.4.3\libs\armeabi\libgnustl_static.a(si_class_type_info.o)
                0x00008fbc                __cxxabiv1::__si_class_type_info::__do_dyncast(int, __cxxabiv1::__class_type_info::__sub_kind, __cxxabiv1::__class_type_info const*, void const*, __cxxabiv1::__class_type_info const*, void const*, __cxxabiv1::__class_type_info::__dyncast_result&) const
 .text._ZNK10__cxxabiv120__si_class_type_info20__do_find_public_srcEiPKvPKNS_17__class_type_infoES2_
                0x0000908c       0x68 C:\Android\android-ndk-r8d\sources\cxx-stl\gnu-libstdc++\4.4.3\libs\armeabi\libgnustl_static.a(si_class_type_info.o)
                0x0000908c                __cxxabiv1::__si_class_type_info::__do_find_public_src(int, void const*, __cxxabiv1::__class_type_info const*, void const*) const
 .text._ZN10__cxxabiv120__si_class_type_infoD1Ev
                0x000090f4       0x34 C:\Android\android-ndk-r8d\sources\cxx-stl\gnu-libstdc++\4.4.3\libs\armeabi\libgnustl_static.a(si_class_type_info.o)
                0x000090f4                __cxxabiv1::__si_class_type_info::~__si_class_type_info()
 .text._ZN10__cxxabiv120__si_class_type_infoD0Ev
                0x00009128       0x1c C:\Android\android-ndk-r8d\sources\cxx-stl\gnu-libstdc++\4.4.3\libs\armeabi\libgnustl_static.a(si_class_type_info.o)
                0x00009128                __cxxabiv1::__si_class_type_info::~__si_class_type_info()
 .text._ZN10__cxxabiv120__si_class_type_infoD2Ev
                0x00009144       0x34 C:\Android\android-ndk-r8d\sources\cxx-stl\gnu-libstdc++\4.4.3\libs\armeabi\libgnustl_static.a(si_class_type_info.o)
                0x00009144                __cxxabiv1::__si_class_type_info::~__si_class_type_info()
 .text._ZNSt9type_infoD2Ev
                0x00009178        0x4 C:\Android\android-ndk-r8d\sources\cxx-stl\gnu-libstdc++\4.4.3\libs\armeabi\libgnustl_static.a(tinfo.o)
                0x00009178                std::type_info::~type_info()
 .text._ZNKSt9type_info14__is_pointer_pEv
                0x0000917c        0x8 C:\Android\android-ndk-r8d\sources\cxx-stl\gnu-libstdc++\4.4.3\libs\armeabi\libgnustl_static.a(tinfo.o)
                0x0000917c                std::type_info::__is_pointer_p() const
 .text._ZNKSt9type_info15__is_function_pEv
                0x00009184        0x8 C:\Android\android-ndk-r8d\sources\cxx-stl\gnu-libstdc++\4.4.3\libs\armeabi\libgnustl_static.a(tinfo.o)
                0x00009184                std::type_info::__is_function_p() const
 .text._ZNKSt9type_info11__do_upcastEPKN10__cxxabiv117__class_type_infoEPPv
                0x0000918c        0x8 C:\Android\android-ndk-r8d\sources\cxx-stl\gnu-libstdc++\4.4.3\libs\armeabi\libgnustl_static.a(tinfo.o)
                0x0000918c                std::type_info::__do_upcast(__cxxabiv1::__class_type_info const*, void**) const
 .text._ZNKSt9type_infoeqERKS_
                0x00009194       0x54 C:\Android\android-ndk-r8d\sources\cxx-stl\gnu-libstdc++\4.4.3\libs\armeabi\libgnustl_static.a(tinfo.o)
                0x00009194                std::type_info::operator==(std::type_info const&) const
 .text._ZNKSt9type_info10__do_catchEPKS_PPvj
                0x000091e8        0x4 C:\Android\android-ndk-r8d\sources\cxx-stl\gnu-libstdc++\4.4.3\libs\armeabi\libgnustl_static.a(tinfo.o)
                0x000091e8                std::type_info::__do_catch(std::type_info const*, void**, unsigned int) const
 .text.__aeabi_atexit
                0x000091ec       0x10 C:\Android\android-ndk-r8d\sources\cxx-stl\gnu-libstdc++\4.4.3\libs\armeabi\libgnustl_static.a(atexit_arm.o)
                0x000091ec                __aeabi_atexit
 .text._ZNKSt8bad_cast4whatEv
                0x000091fc       0x10 C:\Android\android-ndk-r8d\sources\cxx-stl\gnu-libstdc++\4.4.3\libs\armeabi\libgnustl_static.a(bad_cast.o)
                0x000091fc                std::bad_cast::what() const
 .text._ZNSt8bad_castD1Ev
                0x0000920c       0x34 C:\Android\android-ndk-r8d\sources\cxx-stl\gnu-libstdc++\4.4.3\libs\armeabi\libgnustl_static.a(bad_cast.o)
                0x0000920c                std::bad_cast::~bad_cast()
 .text._ZNSt8bad_castD0Ev
                0x00009240       0x1c C:\Android\android-ndk-r8d\sources\cxx-stl\gnu-libstdc++\4.4.3\libs\armeabi\libgnustl_static.a(bad_cast.o)
                0x00009240                std::bad_cast::~bad_cast()
 .text._ZNSt8bad_castD2Ev
                0x0000925c       0x34 C:\Android\android-ndk-r8d\sources\cxx-stl\gnu-libstdc++\4.4.3\libs\armeabi\libgnustl_static.a(bad_cast.o)
                0x0000925c                std::bad_cast::~bad_cast()
 .text._ZNKSt10bad_typeid4whatEv
                0x00009290       0x10 C:\Android\android-ndk-r8d\sources\cxx-stl\gnu-libstdc++\4.4.3\libs\armeabi\libgnustl_static.a(bad_typeid.o)
                0x00009290                std::bad_typeid::what() const
 .text._ZNSt10bad_typeidD1Ev
                0x000092a0       0x34 C:\Android\android-ndk-r8d\sources\cxx-stl\gnu-libstdc++\4.4.3\libs\armeabi\libgnustl_static.a(bad_typeid.o)
                0x000092a0                std::bad_typeid::~bad_typeid()
 .text._ZNSt10bad_typeidD0Ev
                0x000092d4       0x1c C:\Android\android-ndk-r8d\sources\cxx-stl\gnu-libstdc++\4.4.3\libs\armeabi\libgnustl_static.a(bad_typeid.o)
                0x000092d4                std::bad_typeid::~bad_typeid()
 .text._ZNSt10bad_typeidD2Ev
                0x000092f0       0x34 C:\Android\android-ndk-r8d\sources\cxx-stl\gnu-libstdc++\4.4.3\libs\armeabi\libgnustl_static.a(bad_typeid.o)
                0x000092f0                std::bad_typeid::~bad_typeid()
 .text._ZNK10__cxxabiv117__class_type_info11__do_upcastEPKS0_PPv
                0x00009324       0x5c C:\Android\android-ndk-r8d\sources\cxx-stl\gnu-libstdc++\4.4.3\libs\armeabi\libgnustl_static.a(class_type_info.o)
                0x00009324                __cxxabiv1::__class_type_info::__do_upcast(__cxxabiv1::__class_type_info const*, void**) const
 .text._ZNK10__cxxabiv117__class_type_info20__do_find_public_srcEiPKvPKS0_S2_
                0x00009380       0x14 C:\Android\android-ndk-r8d\sources\cxx-stl\gnu-libstdc++\4.4.3\libs\armeabi\libgnustl_static.a(class_type_info.o)
                0x00009380                __cxxabiv1::__class_type_info::__do_find_public_src(int, void const*, __cxxabiv1::__class_type_info const*, void const*) const
 .text._ZNK10__cxxabiv117__class_type_info11__do_upcastEPKS0_PKvRNS0_15__upcast_resultE
                0x00009394       0x34 C:\Android\android-ndk-r8d\sources\cxx-stl\gnu-libstdc++\4.4.3\libs\armeabi\libgnustl_static.a(class_type_info.o)
                0x00009394                __cxxabiv1::__class_type_info::__do_upcast(__cxxabiv1::__class_type_info const*, void const*, __cxxabiv1::__class_type_info::__upcast_result&) const
 .text._ZNK10__cxxabiv117__class_type_info12__do_dyncastEiNS0_10__sub_kindEPKS0_PKvS3_S5_RNS0_16__dyncast_resultE
                0x000093c8       0x6c C:\Android\android-ndk-r8d\sources\cxx-stl\gnu-libstdc++\4.4.3\libs\armeabi\libgnustl_static.a(class_type_info.o)
                0x000093c8                __cxxabiv1::__class_type_info::__do_dyncast(int, __cxxabiv1::__class_type_info::__sub_kind, __cxxabiv1::__class_type_info const*, void const*, __cxxabiv1::__class_type_info const*, void const*, __cxxabiv1::__class_type_info::__dyncast_result&) const
 .text._ZNK10__cxxabiv117__class_type_info10__do_catchEPKSt9type_infoPPvj
                0x00009434       0x48 C:\Android\android-ndk-r8d\sources\cxx-stl\gnu-libstdc++\4.4.3\libs\armeabi\libgnustl_static.a(class_type_info.o)
                0x00009434                __cxxabiv1::__class_type_info::__do_catch(std::type_info const*, void**, unsigned int) const
 .text._ZN10__cxxabiv117__class_type_infoD1Ev
                0x0000947c       0x34 C:\Android\android-ndk-r8d\sources\cxx-stl\gnu-libstdc++\4.4.3\libs\armeabi\libgnustl_static.a(class_type_info.o)
                0x0000947c                __cxxabiv1::__class_type_info::~__class_type_info()
 .text._ZN10__cxxabiv117__class_type_infoD0Ev
                0x000094b0       0x1c C:\Android\android-ndk-r8d\sources\cxx-stl\gnu-libstdc++\4.4.3\libs\armeabi\libgnustl_static.a(class_type_info.o)
                0x000094b0                __cxxabiv1::__class_type_info::~__class_type_info()
 .text._ZN10__cxxabiv117__class_type_infoD2Ev
                0x000094cc       0x34 C:\Android\android-ndk-r8d\sources\cxx-stl\gnu-libstdc++\4.4.3\libs\armeabi\libgnustl_static.a(class_type_info.o)
                0x000094cc                __cxxabiv1::__class_type_info::~__class_type_info()
 .text._ZNK10__cxxabiv117__pbase_type_info15__pointer_catchEPKS0_PPvj
                0x00009500       0x24 C:\Android\android-ndk-r8d\sources\cxx-stl\gnu-libstdc++\4.4.3\libs\armeabi\libgnustl_static.a(pbase_type_info.o)
                0x00009500                __cxxabiv1::__pbase_type_info::__pointer_catch(__cxxabiv1::__pbase_type_info const*, void**, unsigned int) const
 .text._ZNK10__cxxabiv117__pbase_type_info10__do_catchEPKSt9type_infoPPvj
                0x00009524       0x94 C:\Android\android-ndk-r8d\sources\cxx-stl\gnu-libstdc++\4.4.3\libs\armeabi\libgnustl_static.a(pbase_type_info.o)
                0x00009524                __cxxabiv1::__pbase_type_info::__do_catch(std::type_info const*, void**, unsigned int) const
 .text._ZN10__cxxabiv117__pbase_type_infoD1Ev
                0x000095b8       0x34 C:\Android\android-ndk-r8d\sources\cxx-stl\gnu-libstdc++\4.4.3\libs\armeabi\libgnustl_static.a(pbase_type_info.o)
                0x000095b8                __cxxabiv1::__pbase_type_info::~__pbase_type_info()
 .text._ZN10__cxxabiv117__pbase_type_infoD0Ev
                0x000095ec       0x1c C:\Android\android-ndk-r8d\sources\cxx-stl\gnu-libstdc++\4.4.3\libs\armeabi\libgnustl_static.a(pbase_type_info.o)
                0x000095ec                __cxxabiv1::__pbase_type_info::~__pbase_type_info()
 .text._ZN10__cxxabiv117__pbase_type_infoD2Ev
                0x00009608       0x34 C:\Android\android-ndk-r8d\sources\cxx-stl\gnu-libstdc++\4.4.3\libs\armeabi\libgnustl_static.a(pbase_type_info.o)
                0x00009608                __cxxabiv1::__pbase_type_info::~__pbase_type_info()
 .text._ZN9__gnu_cxx27__verbose_terminate_handlerEv
                0x0000963c      0x1c4 C:\Android\android-ndk-r8d\sources\cxx-stl\gnu-libstdc++\4.4.3\libs\armeabi\libgnustl_static.a(vterminate.o)
                0x0000963c                __gnu_cxx::__verbose_terminate_handler()
 .text          0x00009800     0x4974 C:\Android\android-ndk-r8d\sources\cxx-stl\gnu-libstdc++\4.4.3\libs\armeabi\libgnustl_static.a(cp-demangle.o)
                0x0000d54c                __cxa_demangle
                0x0000d518                __gcclibcxx_demangle_callback
 .text.__cxa_current_exception_type
                0x0000e174       0x2c C:\Android\android-ndk-r8d\sources\cxx-stl\gnu-libstdc++\4.4.3\libs\armeabi\libgnustl_static.a(eh_type.o)
                0x0000e174                __cxa_current_exception_type
 .text          0x0000e1a0       0x1c c:/Android/android-ndk-r8d/toolchains/arm-linux-androideabi-4.4.3/prebuilt/windows/bin/../lib/gcc/arm-linux-androideabi/4.4.3\libgcc.a(_aeabi_ldivmod.o)
                0x0000e1a0                __aeabi_ldivmod
 .text          0x0000e1bc       0x88 c:/Android/android-ndk-r8d/toolchains/arm-linux-androideabi-4.4.3/prebuilt/windows/bin/../lib/gcc/arm-linux-androideabi/4.4.3\libgcc.a(bpabi.o)
                0x0000e1bc                __gnu_uldivmod_helper
                0x0000e200                __gnu_ldivmod_helper
 .text          0x0000e244      0xec4 c:/Android/android-ndk-r8d/toolchains/arm-linux-androideabi-4.4.3/prebuilt/windows/bin/../lib/gcc/arm-linux-androideabi/4.4.3\libgcc.a(unwind-arm.o)
                0x0000ec6c                __gnu_Unwind_RaiseException
                0x0000e7c4                __aeabi_unwind_cpp_pr0
                0x0000e2f4                _Unwind_GetCFA
                0x0000e290                _Unwind_VRS_Set
                0x0000ea08                __gnu_Unwind_Backtrace
                0x0000ed9c                _Unwind_VRS_Pop
                0x0000e7b4                __aeabi_unwind_cpp_pr2
                0x0000e300                _Unwind_DeleteException
                0x0000e2fc                _Unwind_Complete
                0x0000ed30                __gnu_Unwind_Resume
                0x0000ebf8                __gnu_Unwind_ForcedUnwind
                0x0000ed10                __gnu_Unwind_Resume_or_Rethrow
                0x0000e244                _Unwind_VRS_Get
                0x0000e7bc                __aeabi_unwind_cpp_pr1
 .text          0x0000f108      0x1a8 c:/Android/android-ndk-r8d/toolchains/arm-linux-androideabi-4.4.3/prebuilt/windows/bin/../lib/gcc/arm-linux-androideabi/4.4.3\libgcc.a(libunwind.o)
                0x0000f268                ___Unwind_ForcedUnwind
                0x0000f124                __gnu_Unwind_Save_VFP
                0x0000f244                _Unwind_Resume_or_Rethrow
                0x0000f244                ___Unwind_Resume_or_Rethrow
                0x0000f28c                _Unwind_Backtrace
                0x0000f108                __restore_core_regs
                0x0000f144                __gnu_Unwind_Save_VFP_D_16_to_31
                0x0000f134                __gnu_Unwind_Save_VFP_D
                0x0000f28c                ___Unwind_Backtrace
                0x0000f1fc                ___Unwind_RaiseException
                0x0000f220                ___Unwind_Resume
                0x0000f14c                __gnu_Unwind_Restore_WMMXD
                0x0000f11c                __gnu_Unwind_Restore_VFP
                0x0000f220                _Unwind_Resume
                0x0000f12c                __gnu_Unwind_Restore_VFP_D
                0x0000f13c                __gnu_Unwind_Restore_VFP_D_16_to_31
                0x0000f1fc                _Unwind_RaiseException
                0x0000f108                restore_core_regs
                0x0000f1e8                __gnu_Unwind_Save_WMMXC
                0x0000f1d4                __gnu_Unwind_Restore_WMMXC
                0x0000f268                _Unwind_ForcedUnwind
                0x0000f190                __gnu_Unwind_Save_WMMXD
 .text          0x0000f2b0      0x484 c:/Android/android-ndk-r8d/toolchains/arm-linux-androideabi-4.4.3/prebuilt/windows/bin/../lib/gcc/arm-linux-androideabi/4.4.3\libgcc.a(pr-support.o)
                0x0000f350                _Unwind_GetRegionStart
                0x0000f37c                __gnu_unwind_execute
                0x0000f308                _Unwind_GetTextRelBase
                0x0000f318                _Unwind_GetLanguageSpecificData
                0x0000f6f4                __gnu_unwind_frame
                0x0000f310                _Unwind_GetDataRelBase
 .text          0x0000f734      0x47c c:/Android/android-ndk-r8d/toolchains/arm-linux-androideabi-4.4.3/prebuilt/windows/bin/../lib/gcc/arm-linux-androideabi/4.4.3\libgcc.a(_divdi3.o)
                0x0000f734                __divdi3
 .text          0x0000fbb0      0x40c c:/Android/android-ndk-r8d/toolchains/arm-linux-androideabi-4.4.3/prebuilt/windows/bin/../lib/gcc/arm-linux-androideabi/4.4.3\libgcc.a(_udivdi3.o)
                0x0000fbb0                __udivdi3
 .text          0x0000ffbc       0xc4 c:/Android/android-ndk-r8d/toolchains/arm-linux-androideabi-4.4.3/prebuilt/windows/bin/../lib/gcc/arm-linux-androideabi/4.4.3\libgcc.a(_udivsi3.o)
                0x0000ffbc                __udivsi3
                0x0000ffbc                __aeabi_uidiv
                0x00010068                __aeabi_uidivmod
 .text          0x00010080       0x10 c:/Android/android-ndk-r8d/toolchains/arm-linux-androideabi-4.4.3/prebuilt/windows/bin/../lib/gcc/arm-linux-androideabi/4.4.3\libgcc.a(_dvmd_lnx.o)
                0x00010080                __div0
 *(.gnu.warning)
 *(.glue_7t)
 .glue_7t       0x00000000        0x0 linker stubs
 *(.glue_7)
 .glue_7        0x00000000        0x0 linker stubs
 *(.vfp11_veneer)
 .vfp11_veneer  0x00000000        0x0 linker stubs
 *(.v4_bx)
 .v4_bx         0x00000000        0x0 linker stubs

.fini
 *(.fini)
                0x00010090                PROVIDE (__etext, .)
                0x00010090                PROVIDE (_etext, .)
                0x00010090                PROVIDE (etext, .)

.rodata         0x00010090     0x1158
 *(.rodata .rodata.* .gnu.linkonce.r.*)
 .rodata        0x00010090      0x2e8 debug\s3eGooglePlayGames_platform.os
 .rodata        0x00010378      0x2c8 debug\s3eGooglePlayGames_register.os
 .rodata.str1.4
                0x00010640      0x118 C:\marmalade\6.2\s3e\edk\lib\android\libedk.a(IwDebug.o)
                                0x120 (size before relaxing)
 .rodata._ZTSN9__gnu_cxx24__concurrence_lock_errorE
                0x00010758       0x28 C:\Android\android-ndk-r8d\sources\cxx-stl\gnu-libstdc++\4.4.3\libs\armeabi\libgnustl_static.a(eh_alloc.o)
                0x00010758                typeinfo name for __gnu_cxx::__concurrence_lock_error
 .rodata._ZTSN9__gnu_cxx26__concurrence_unlock_errorE
                0x00010780       0x2c C:\Android\android-ndk-r8d\sources\cxx-stl\gnu-libstdc++\4.4.3\libs\armeabi\libgnustl_static.a(eh_alloc.o)
                0x00010780                typeinfo name for __gnu_cxx::__concurrence_unlock_error
 .rodata.str1.4
                0x000107ac       0x4a C:\Android\android-ndk-r8d\sources\cxx-stl\gnu-libstdc++\4.4.3\libs\armeabi\libgnustl_static.a(eh_alloc.o)
                                 0x4c (size before relaxing)
 *fill*         0x000107f6        0x2 00
 .rodata._ZTSN10__cxxabiv115__forced_unwindE
                0x000107f8       0x20 C:\Android\android-ndk-r8d\sources\cxx-stl\gnu-libstdc++\4.4.3\libs\armeabi\libgnustl_static.a(eh_exception.o)
                0x000107f8                typeinfo name for __cxxabiv1::__forced_unwind
 .rodata._ZTSN10__cxxabiv119__foreign_exceptionE
                0x00010818       0x24 C:\Android\android-ndk-r8d\sources\cxx-stl\gnu-libstdc++\4.4.3\libs\armeabi\libgnustl_static.a(eh_exception.o)
                0x00010818                typeinfo name for __cxxabiv1::__foreign_exception
 .rodata.str1.4
                0x0001083c       0x23 C:\Android\android-ndk-r8d\sources\cxx-stl\gnu-libstdc++\4.4.3\libs\armeabi\libgnustl_static.a(eh_exception.o)
                                 0x24 (size before relaxing)
 *fill*         0x0001085f        0x1 00
 .rodata._ZTSSt9exception
                0x00010860       0x10 C:\Android\android-ndk-r8d\sources\cxx-stl\gnu-libstdc++\4.4.3\libs\armeabi\libgnustl_static.a(eh_exception.o)
                0x00010860                typeinfo name for std::exception
 .rodata._ZTSSt13bad_exception
                0x00010870       0x14 C:\Android\android-ndk-r8d\sources\cxx-stl\gnu-libstdc++\4.4.3\libs\armeabi\libgnustl_static.a(eh_exception.o)
                0x00010870                typeinfo name for std::bad_exception
 .rodata._ZTSPKe
                0x00010884        0x4 C:\Android\android-ndk-r8d\sources\cxx-stl\gnu-libstdc++\4.4.3\libs\armeabi\libgnustl_static.a(fundamental_type_info.o)
                0x00010884                typeinfo name for long double const*
 .rodata._ZTSPe
                0x00010888        0x4 C:\Android\android-ndk-r8d\sources\cxx-stl\gnu-libstdc++\4.4.3\libs\armeabi\libgnustl_static.a(fundamental_type_info.o)
                0x00010888                typeinfo name for long double*
 .rodata._ZTSe  0x0001088c        0x4 C:\Android\android-ndk-r8d\sources\cxx-stl\gnu-libstdc++\4.4.3\libs\armeabi\libgnustl_static.a(fundamental_type_info.o)
                0x0001088c                typeinfo name for long double
 .rodata._ZTSPKd
                0x00010890        0x4 C:\Android\android-ndk-r8d\sources\cxx-stl\gnu-libstdc++\4.4.3\libs\armeabi\libgnustl_static.a(fundamental_type_info.o)
                0x00010890                typeinfo name for double const*
 .rodata._ZTSPd
                0x00010894        0x4 C:\Android\android-ndk-r8d\sources\cxx-stl\gnu-libstdc++\4.4.3\libs\armeabi\libgnustl_static.a(fundamental_type_info.o)
                0x00010894                typeinfo name for double*
 .rodata._ZTSd  0x00010898        0x4 C:\Android\android-ndk-r8d\sources\cxx-stl\gnu-libstdc++\4.4.3\libs\armeabi\libgnustl_static.a(fundamental_type_info.o)
                0x00010898                typeinfo name for double
 .rodata._ZTSPKf
                0x0001089c        0x4 C:\Android\android-ndk-r8d\sources\cxx-stl\gnu-libstdc++\4.4.3\libs\armeabi\libgnustl_static.a(fundamental_type_info.o)
                0x0001089c                typeinfo name for float const*
 .rodata._ZTSPf
                0x000108a0        0x4 C:\Android\android-ndk-r8d\sources\cxx-stl\gnu-libstdc++\4.4.3\libs\armeabi\libgnustl_static.a(fundamental_type_info.o)
                0x000108a0                typeinfo name for float*
 .rodata._ZTSf  0x000108a4        0x4 C:\Android\android-ndk-r8d\sources\cxx-stl\gnu-libstdc++\4.4.3\libs\armeabi\libgnustl_static.a(fundamental_type_info.o)
                0x000108a4                typeinfo name for float
 .rodata._ZTSPKy
                0x000108a8        0x4 C:\Android\android-ndk-r8d\sources\cxx-stl\gnu-libstdc++\4.4.3\libs\armeabi\libgnustl_static.a(fundamental_type_info.o)
                0x000108a8                typeinfo name for unsigned long long const*
 .rodata._ZTSPy
                0x000108ac        0x4 C:\Android\android-ndk-r8d\sources\cxx-stl\gnu-libstdc++\4.4.3\libs\armeabi\libgnustl_static.a(fundamental_type_info.o)
                0x000108ac                typeinfo name for unsigned long long*
 .rodata._ZTSy  0x000108b0        0x4 C:\Android\android-ndk-r8d\sources\cxx-stl\gnu-libstdc++\4.4.3\libs\armeabi\libgnustl_static.a(fundamental_type_info.o)
                0x000108b0                typeinfo name for unsigned long long
 .rodata._ZTSPKx
                0x000108b4        0x4 C:\Android\android-ndk-r8d\sources\cxx-stl\gnu-libstdc++\4.4.3\libs\armeabi\libgnustl_static.a(fundamental_type_info.o)
                0x000108b4                typeinfo name for long long const*
 .rodata._ZTSPx
                0x000108b8        0x4 C:\Android\android-ndk-r8d\sources\cxx-stl\gnu-libstdc++\4.4.3\libs\armeabi\libgnustl_static.a(fundamental_type_info.o)
                0x000108b8                typeinfo name for long long*
 .rodata._ZTSx  0x000108bc        0x4 C:\Android\android-ndk-r8d\sources\cxx-stl\gnu-libstdc++\4.4.3\libs\armeabi\libgnustl_static.a(fundamental_type_info.o)
                0x000108bc                typeinfo name for long long
 .rodata._ZTSPKm
                0x000108c0        0x4 C:\Android\android-ndk-r8d\sources\cxx-stl\gnu-libstdc++\4.4.3\libs\armeabi\libgnustl_static.a(fundamental_type_info.o)
                0x000108c0                typeinfo name for unsigned long const*
 .rodata._ZTSPm
                0x000108c4        0x4 C:\Android\android-ndk-r8d\sources\cxx-stl\gnu-libstdc++\4.4.3\libs\armeabi\libgnustl_static.a(fundamental_type_info.o)
                0x000108c4                typeinfo name for unsigned long*
 .rodata._ZTSm  0x000108c8        0x4 C:\Android\android-ndk-r8d\sources\cxx-stl\gnu-libstdc++\4.4.3\libs\armeabi\libgnustl_static.a(fundamental_type_info.o)
                0x000108c8                typeinfo name for unsigned long
 .rodata._ZTSPKl
                0x000108cc        0x4 C:\Android\android-ndk-r8d\sources\cxx-stl\gnu-libstdc++\4.4.3\libs\armeabi\libgnustl_static.a(fundamental_type_info.o)
                0x000108cc                typeinfo name for long const*
 .rodata._ZTSPl
                0x000108d0        0x4 C:\Android\android-ndk-r8d\sources\cxx-stl\gnu-libstdc++\4.4.3\libs\armeabi\libgnustl_static.a(fundamental_type_info.o)
                0x000108d0                typeinfo name for long*
 .rodata._ZTSl  0x000108d4        0x4 C:\Android\android-ndk-r8d\sources\cxx-stl\gnu-libstdc++\4.4.3\libs\armeabi\libgnustl_static.a(fundamental_type_info.o)
                0x000108d4                typeinfo name for long
 .rodata._ZTSPKj
                0x000108d8        0x4 C:\Android\android-ndk-r8d\sources\cxx-stl\gnu-libstdc++\4.4.3\libs\armeabi\libgnustl_static.a(fundamental_type_info.o)
                0x000108d8                typeinfo name for unsigned int const*
 .rodata._ZTSPj
                0x000108dc        0x4 C:\Android\android-ndk-r8d\sources\cxx-stl\gnu-libstdc++\4.4.3\libs\armeabi\libgnustl_static.a(fundamental_type_info.o)
                0x000108dc                typeinfo name for unsigned int*
 .rodata._ZTSj  0x000108e0        0x4 C:\Android\android-ndk-r8d\sources\cxx-stl\gnu-libstdc++\4.4.3\libs\armeabi\libgnustl_static.a(fundamental_type_info.o)
                0x000108e0                typeinfo name for unsigned int
 .rodata._ZTSPKi
                0x000108e4        0x4 C:\Android\android-ndk-r8d\sources\cxx-stl\gnu-libstdc++\4.4.3\libs\armeabi\libgnustl_static.a(fundamental_type_info.o)
                0x000108e4                typeinfo name for int const*
 .rodata._ZTSPi
                0x000108e8        0x4 C:\Android\android-ndk-r8d\sources\cxx-stl\gnu-libstdc++\4.4.3\libs\armeabi\libgnustl_static.a(fundamental_type_info.o)
                0x000108e8                typeinfo name for int*
 .rodata._ZTSi  0x000108ec        0x4 C:\Android\android-ndk-r8d\sources\cxx-stl\gnu-libstdc++\4.4.3\libs\armeabi\libgnustl_static.a(fundamental_type_info.o)
                0x000108ec                typeinfo name for int
 .rodata._ZTSPKt
                0x000108f0        0x4 C:\Android\android-ndk-r8d\sources\cxx-stl\gnu-libstdc++\4.4.3\libs\armeabi\libgnustl_static.a(fundamental_type_info.o)
                0x000108f0                typeinfo name for unsigned short const*
 .rodata._ZTSPt
                0x000108f4        0x4 C:\Android\android-ndk-r8d\sources\cxx-stl\gnu-libstdc++\4.4.3\libs\armeabi\libgnustl_static.a(fundamental_type_info.o)
                0x000108f4                typeinfo name for unsigned short*
 .rodata._ZTSt  0x000108f8        0x4 C:\Android\android-ndk-r8d\sources\cxx-stl\gnu-libstdc++\4.4.3\libs\armeabi\libgnustl_static.a(fundamental_type_info.o)
                0x000108f8                typeinfo name for unsigned short
 .rodata._ZTSPKs
                0x000108fc        0x4 C:\Android\android-ndk-r8d\sources\cxx-stl\gnu-libstdc++\4.4.3\libs\armeabi\libgnustl_static.a(fundamental_type_info.o)
                0x000108fc                typeinfo name for short const*
 .rodata._ZTSPs
                0x00010900        0x4 C:\Android\android-ndk-r8d\sources\cxx-stl\gnu-libstdc++\4.4.3\libs\armeabi\libgnustl_static.a(fundamental_type_info.o)
                0x00010900                typeinfo name for short*
 .rodata._ZTSs  0x00010904        0x4 C:\Android\android-ndk-r8d\sources\cxx-stl\gnu-libstdc++\4.4.3\libs\armeabi\libgnustl_static.a(fundamental_type_info.o)
                0x00010904                typeinfo name for short
 .rodata._ZTSPKh
                0x00010908        0x4 C:\Android\android-ndk-r8d\sources\cxx-stl\gnu-libstdc++\4.4.3\libs\armeabi\libgnustl_static.a(fundamental_type_info.o)
                0x00010908                typeinfo name for unsigned char const*
 .rodata._ZTSPh
                0x0001090c        0x4 C:\Android\android-ndk-r8d\sources\cxx-stl\gnu-libstdc++\4.4.3\libs\armeabi\libgnustl_static.a(fundamental_type_info.o)
                0x0001090c                typeinfo name for unsigned char*
 .rodata._ZTSh  0x00010910        0x4 C:\Android\android-ndk-r8d\sources\cxx-stl\gnu-libstdc++\4.4.3\libs\armeabi\libgnustl_static.a(fundamental_type_info.o)
                0x00010910                typeinfo name for unsigned char
 .rodata._ZTSPKa
                0x00010914        0x4 C:\Android\android-ndk-r8d\sources\cxx-stl\gnu-libstdc++\4.4.3\libs\armeabi\libgnustl_static.a(fundamental_type_info.o)
                0x00010914                typeinfo name for signed char const*
 .rodata._ZTSPa
                0x00010918        0x4 C:\Android\android-ndk-r8d\sources\cxx-stl\gnu-libstdc++\4.4.3\libs\armeabi\libgnustl_static.a(fundamental_type_info.o)
                0x00010918                typeinfo name for signed char*
 .rodata._ZTSa  0x0001091c        0x4 C:\Android\android-ndk-r8d\sources\cxx-stl\gnu-libstdc++\4.4.3\libs\armeabi\libgnustl_static.a(fundamental_type_info.o)
                0x0001091c                typeinfo name for signed char
 .rodata._ZTSPKc
                0x00010920        0x4 C:\Android\android-ndk-r8d\sources\cxx-stl\gnu-libstdc++\4.4.3\libs\armeabi\libgnustl_static.a(fundamental_type_info.o)
                0x00010920                typeinfo name for char const*
 .rodata._ZTSPc
                0x00010924        0x4 C:\Android\android-ndk-r8d\sources\cxx-stl\gnu-libstdc++\4.4.3\libs\armeabi\libgnustl_static.a(fundamental_type_info.o)
                0x00010924                typeinfo name for char*
 .rodata._ZTSc  0x00010928        0x4 C:\Android\android-ndk-r8d\sources\cxx-stl\gnu-libstdc++\4.4.3\libs\armeabi\libgnustl_static.a(fundamental_type_info.o)
                0x00010928                typeinfo name for char
 .rodata._ZTSPKDi
                0x0001092c        0x8 C:\Android\android-ndk-r8d\sources\cxx-stl\gnu-libstdc++\4.4.3\libs\armeabi\libgnustl_static.a(fundamental_type_info.o)
                0x0001092c                _ZTSPKDi
 .rodata._ZTSPDi
                0x00010934        0x4 C:\Android\android-ndk-r8d\sources\cxx-stl\gnu-libstdc++\4.4.3\libs\armeabi\libgnustl_static.a(fundamental_type_info.o)
                0x00010934                _ZTSPDi
 .rodata._ZTSDi
                0x00010938        0x4 C:\Android\android-ndk-r8d\sources\cxx-stl\gnu-libstdc++\4.4.3\libs\armeabi\libgnustl_static.a(fundamental_type_info.o)
                0x00010938                _ZTSDi
 .rodata._ZTSPKDs
                0x0001093c        0x8 C:\Android\android-ndk-r8d\sources\cxx-stl\gnu-libstdc++\4.4.3\libs\armeabi\libgnustl_static.a(fundamental_type_info.o)
                0x0001093c                _ZTSPKDs
 .rodata._ZTSPDs
                0x00010944        0x4 C:\Android\android-ndk-r8d\sources\cxx-stl\gnu-libstdc++\4.4.3\libs\armeabi\libgnustl_static.a(fundamental_type_info.o)
                0x00010944                _ZTSPDs
 .rodata._ZTSDs
                0x00010948        0x4 C:\Android\android-ndk-r8d\sources\cxx-stl\gnu-libstdc++\4.4.3\libs\armeabi\libgnustl_static.a(fundamental_type_info.o)
                0x00010948                _ZTSDs
 .rodata._ZTSPKw
                0x0001094c        0x4 C:\Android\android-ndk-r8d\sources\cxx-stl\gnu-libstdc++\4.4.3\libs\armeabi\libgnustl_static.a(fundamental_type_info.o)
                0x0001094c                typeinfo name for wchar_t const*
 .rodata._ZTSPw
                0x00010950        0x4 C:\Android\android-ndk-r8d\sources\cxx-stl\gnu-libstdc++\4.4.3\libs\armeabi\libgnustl_static.a(fundamental_type_info.o)
                0x00010950                typeinfo name for wchar_t*
 .rodata._ZTSw  0x00010954        0x4 C:\Android\android-ndk-r8d\sources\cxx-stl\gnu-libstdc++\4.4.3\libs\armeabi\libgnustl_static.a(fundamental_type_info.o)
                0x00010954                typeinfo name for wchar_t
 .rodata._ZTSPKb
                0x00010958        0x4 C:\Android\android-ndk-r8d\sources\cxx-stl\gnu-libstdc++\4.4.3\libs\armeabi\libgnustl_static.a(fundamental_type_info.o)
                0x00010958                typeinfo name for bool const*
 .rodata._ZTSPb
                0x0001095c        0x4 C:\Android\android-ndk-r8d\sources\cxx-stl\gnu-libstdc++\4.4.3\libs\armeabi\libgnustl_static.a(fundamental_type_info.o)
                0x0001095c                typeinfo name for bool*
 .rodata._ZTSb  0x00010960        0x4 C:\Android\android-ndk-r8d\sources\cxx-stl\gnu-libstdc++\4.4.3\libs\armeabi\libgnustl_static.a(fundamental_type_info.o)
                0x00010960                typeinfo name for bool
 .rodata._ZTSPKv
                0x00010964        0x4 C:\Android\android-ndk-r8d\sources\cxx-stl\gnu-libstdc++\4.4.3\libs\armeabi\libgnustl_static.a(fundamental_type_info.o)
                0x00010964                typeinfo name for void const*
 .rodata._ZTSPv
                0x00010968        0x4 C:\Android\android-ndk-r8d\sources\cxx-stl\gnu-libstdc++\4.4.3\libs\armeabi\libgnustl_static.a(fundamental_type_info.o)
                0x00010968                typeinfo name for void*
 .rodata._ZTSv  0x0001096c        0x4 C:\Android\android-ndk-r8d\sources\cxx-stl\gnu-libstdc++\4.4.3\libs\armeabi\libgnustl_static.a(fundamental_type_info.o)
                0x0001096c                typeinfo name for void
 .rodata._ZTSN10__cxxabiv123__fundamental_type_infoE
                0x00010970       0x28 C:\Android\android-ndk-r8d\sources\cxx-stl\gnu-libstdc++\4.4.3\libs\armeabi\libgnustl_static.a(fundamental_type_info.o)
                0x00010970                typeinfo name for __cxxabiv1::__fundamental_type_info
 .rodata._ZTSSt9bad_alloc
                0x00010998       0x10 C:\Android\android-ndk-r8d\sources\cxx-stl\gnu-libstdc++\4.4.3\libs\armeabi\libgnustl_static.a(new_handler.o)
                0x00010998                typeinfo name for std::bad_alloc
 .rodata.str1.4
                0x000109a8        0xf C:\Android\android-ndk-r8d\sources\cxx-stl\gnu-libstdc++\4.4.3\libs\armeabi\libgnustl_static.a(new_handler.o)
                                 0x10 (size before relaxing)
 *fill*         0x000109b7        0x1 00
 .rodata._ZSt7nothrow
                0x000109b8        0x4 C:\Android\android-ndk-r8d\sources\cxx-stl\gnu-libstdc++\4.4.3\libs\armeabi\libgnustl_static.a(new_handler.o)
                0x000109b8                std::nothrow
 .rodata._ZTSN10__cxxabiv119__pointer_type_infoE
                0x000109bc       0x24 C:\Android\android-ndk-r8d\sources\cxx-stl\gnu-libstdc++\4.4.3\libs\armeabi\libgnustl_static.a(pointer_type_info.o)
                0x000109bc                typeinfo name for __cxxabiv1::__pointer_type_info
 .rodata.str1.4
                0x000109e0       0x1c C:\Android\android-ndk-r8d\sources\cxx-stl\gnu-libstdc++\4.4.3\libs\armeabi\libgnustl_static.a(pure.o)
 .rodata._ZTSN10__cxxabiv120__si_class_type_infoE
                0x000109fc       0x28 C:\Android\android-ndk-r8d\sources\cxx-stl\gnu-libstdc++\4.4.3\libs\armeabi\libgnustl_static.a(si_class_type_info.o)
                0x000109fc                typeinfo name for __cxxabiv1::__si_class_type_info
 .rodata._ZTSSt9type_info
                0x00010a24       0x10 C:\Android\android-ndk-r8d\sources\cxx-stl\gnu-libstdc++\4.4.3\libs\armeabi\libgnustl_static.a(tinfo.o)
                0x00010a24                typeinfo name for std::type_info
 .rodata._ZTSSt8bad_cast
                0x00010a34        0xc C:\Android\android-ndk-r8d\sources\cxx-stl\gnu-libstdc++\4.4.3\libs\armeabi\libgnustl_static.a(bad_cast.o)
                0x00010a34                typeinfo name for std::bad_cast
 .rodata.str1.4
                0x00010a40        0xe C:\Android\android-ndk-r8d\sources\cxx-stl\gnu-libstdc++\4.4.3\libs\armeabi\libgnustl_static.a(bad_cast.o)
                                 0x10 (size before relaxing)
 *fill*         0x00010a4e        0x2 00
 .rodata.str1.4
                0x00010a50       0x10 C:\Android\android-ndk-r8d\sources\cxx-stl\gnu-libstdc++\4.4.3\libs\armeabi\libgnustl_static.a(bad_typeid.o)
 .rodata._ZTSSt10bad_typeid
                0x00010a60       0x10 C:\Android\android-ndk-r8d\sources\cxx-stl\gnu-libstdc++\4.4.3\libs\armeabi\libgnustl_static.a(bad_typeid.o)
                0x00010a60                typeinfo name for std::bad_typeid
 .rodata._ZTSN10__cxxabiv117__class_type_infoE
                0x00010a70       0x24 C:\Android\android-ndk-r8d\sources\cxx-stl\gnu-libstdc++\4.4.3\libs\armeabi\libgnustl_static.a(class_type_info.o)
                0x00010a70                typeinfo name for __cxxabiv1::__class_type_info
 .rodata._ZTSN10__cxxabiv117__pbase_type_infoE
                0x00010a94       0x24 C:\Android\android-ndk-r8d\sources\cxx-stl\gnu-libstdc++\4.4.3\libs\armeabi\libgnustl_static.a(pbase_type_info.o)
                0x00010a94                typeinfo name for __cxxabiv1::__pbase_type_info
 .rodata.str1.4
                0x00010ab8       0x92 C:\Android\android-ndk-r8d\sources\cxx-stl\gnu-libstdc++\4.4.3\libs\armeabi\libgnustl_static.a(vterminate.o)
                                 0x94 (size before relaxing)
 *fill*         0x00010b4a        0x2 00
 .rodata.str1.4
                0x00010b4c      0x69c C:\Android\android-ndk-r8d\sources\cxx-stl\gnu-libstdc++\4.4.3\libs\armeabi\libgnustl_static.a(cp-demangle.o)
                                0x6d0 (size before relaxing)

.rodata1
 *(.rodata1)

.ARM.extab      0x000111e8      0x2d0
 *(.ARM.extab* .gnu.linkonce.armextab.*)
 .ARM.extab.text._Znwj
                0x000111e8       0x24 C:\Android\android-ndk-r8d\sources\cxx-stl\gnu-libstdc++\4.4.3\libs\armeabi\libgnustl_static.a(new_op.o)
 .ARM.extab.text._Znaj
                0x0001120c       0x20 C:\Android\android-ndk-r8d\sources\cxx-stl\gnu-libstdc++\4.4.3\libs\armeabi\libgnustl_static.a(new_opv.o)
 .ARM.extab.text._ZNK9__gnu_cxx24__concurrence_lock_error4whatEv
                0x0001122c        0x0 C:\Android\android-ndk-r8d\sources\cxx-stl\gnu-libstdc++\4.4.3\libs\armeabi\libgnustl_static.a(eh_alloc.o)
 .ARM.extab.text._ZNK9__gnu_cxx26__concurrence_unlock_error4whatEv
                0x0001122c        0x0 C:\Android\android-ndk-r8d\sources\cxx-stl\gnu-libstdc++\4.4.3\libs\armeabi\libgnustl_static.a(eh_alloc.o)
 .ARM.extab.text._ZN9__gnu_cxx24__concurrence_lock_errorD1Ev
                0x0001122c        0x0 C:\Android\android-ndk-r8d\sources\cxx-stl\gnu-libstdc++\4.4.3\libs\armeabi\libgnustl_static.a(eh_alloc.o)
 .ARM.extab.text._ZN9__gnu_cxx26__concurrence_unlock_errorD1Ev
                0x0001122c        0x0 C:\Android\android-ndk-r8d\sources\cxx-stl\gnu-libstdc++\4.4.3\libs\armeabi\libgnustl_static.a(eh_alloc.o)
 .ARM.extab.text._ZN9__gnu_cxx13__scoped_lockD1Ev
                0x0001122c       0x1c C:\Android\android-ndk-r8d\sources\cxx-stl\gnu-libstdc++\4.4.3\libs\armeabi\libgnustl_static.a(eh_alloc.o)
 .ARM.extab.text._ZN9__gnu_cxx26__concurrence_unlock_errorD0Ev
                0x00011248        0x0 C:\Android\android-ndk-r8d\sources\cxx-stl\gnu-libstdc++\4.4.3\libs\armeabi\libgnustl_static.a(eh_alloc.o)
 .ARM.extab.text._ZN9__gnu_cxx24__concurrence_lock_errorD0Ev
                0x00011248        0x0 C:\Android\android-ndk-r8d\sources\cxx-stl\gnu-libstdc++\4.4.3\libs\armeabi\libgnustl_static.a(eh_alloc.o)
 .ARM.extab.text.__cxa_free_dependent_exception
                0x00011248       0x38 C:\Android\android-ndk-r8d\sources\cxx-stl\gnu-libstdc++\4.4.3\libs\armeabi\libgnustl_static.a(eh_alloc.o)
 .ARM.extab.text.__cxa_free_exception
                0x00011280       0x38 C:\Android\android-ndk-r8d\sources\cxx-stl\gnu-libstdc++\4.4.3\libs\armeabi\libgnustl_static.a(eh_alloc.o)
 .ARM.extab.text.__cxa_allocate_dependent_exception
                0x000112b8       0x34 C:\Android\android-ndk-r8d\sources\cxx-stl\gnu-libstdc++\4.4.3\libs\armeabi\libgnustl_static.a(eh_alloc.o)
 .ARM.extab.text.__cxa_allocate_exception
                0x000112ec       0x40 C:\Android\android-ndk-r8d\sources\cxx-stl\gnu-libstdc++\4.4.3\libs\armeabi\libgnustl_static.a(eh_alloc.o)
 .ARM.extab.text.__cxa_call_unexpected
                0x0001132c       0x2c C:\Android\android-ndk-r8d\sources\cxx-stl\gnu-libstdc++\4.4.3\libs\armeabi\libgnustl_static.a(eh_call.o)
 .ARM.extab.text.__cxa_begin_catch
                0x00011358       0x20 C:\Android\android-ndk-r8d\sources\cxx-stl\gnu-libstdc++\4.4.3\libs\armeabi\libgnustl_static.a(eh_catch.o)
 .ARM.extab.text._ZN17__eh_globals_initD1Ev
                0x00011378        0x0 C:\Android\android-ndk-r8d\sources\cxx-stl\gnu-libstdc++\4.4.3\libs\armeabi\libgnustl_static.a(eh_globals.o)
 .ARM.extab.text.__cxa_get_globals_fast
                0x00011378       0x1c C:\Android\android-ndk-r8d\sources\cxx-stl\gnu-libstdc++\4.4.3\libs\armeabi\libgnustl_static.a(eh_globals.o)
 .ARM.extab.text.__cxa_get_globals
                0x00011394       0x1c C:\Android\android-ndk-r8d\sources\cxx-stl\gnu-libstdc++\4.4.3\libs\armeabi\libgnustl_static.a(eh_globals.o)
 .ARM.extab.text.__gxx_personality_v0
                0x000113b0       0x30 C:\Android\android-ndk-r8d\sources\cxx-stl\gnu-libstdc++\4.4.3\libs\armeabi\libgnustl_static.a(eh_personality.o)
 .ARM.extab.text._ZN10__cxxabiv111__terminateEPFvvE
                0x000113e0       0x24 C:\Android\android-ndk-r8d\sources\cxx-stl\gnu-libstdc++\4.4.3\libs\armeabi\libgnustl_static.a(eh_terminate.o)
 .ARM.extab.text._ZSt9terminatev
                0x00011404        0xc C:\Android\android-ndk-r8d\sources\cxx-stl\gnu-libstdc++\4.4.3\libs\armeabi\libgnustl_static.a(eh_terminate.o)
 .ARM.extab.text._ZN10__cxxabiv112__unexpectedEPFvvE
                0x00011410        0xc C:\Android\android-ndk-r8d\sources\cxx-stl\gnu-libstdc++\4.4.3\libs\armeabi\libgnustl_static.a(eh_terminate.o)
 .ARM.extab.text._ZSt10unexpectedv
                0x0001141c        0xc C:\Android\android-ndk-r8d\sources\cxx-stl\gnu-libstdc++\4.4.3\libs\armeabi\libgnustl_static.a(eh_terminate.o)
 .ARM.extab.text.__cxa_rethrow
                0x00011428        0xc C:\Android\android-ndk-r8d\sources\cxx-stl\gnu-libstdc++\4.4.3\libs\armeabi\libgnustl_static.a(eh_throw.o)
 .ARM.extab.text.__cxa_throw
                0x00011434        0xc C:\Android\android-ndk-r8d\sources\cxx-stl\gnu-libstdc++\4.4.3\libs\armeabi\libgnustl_static.a(eh_throw.o)
 .ARM.extab.text._ZL23__gxx_exception_cleanup19_Unwind_Reason_CodeP21_Unwind_Control_Block
                0x00011440        0xc C:\Android\android-ndk-r8d\sources\cxx-stl\gnu-libstdc++\4.4.3\libs\armeabi\libgnustl_static.a(eh_throw.o)
 .ARM.extab.text._ZNK10__cxxabiv117__pbase_type_info15__pointer_catchEPKS0_PPvj
                0x0001144c        0x0 C:\Android\android-ndk-r8d\sources\cxx-stl\gnu-libstdc++\4.4.3\libs\armeabi\libgnustl_static.a(pbase_type_info.o)
 .ARM.extab.text._ZN9__gnu_cxx27__verbose_terminate_handlerEv
                0x0001144c       0x3c C:\Android\android-ndk-r8d\sources\cxx-stl\gnu-libstdc++\4.4.3\libs\armeabi\libgnustl_static.a(vterminate.o)
 .ARM.extab     0x00011488        0xc C:\Android\android-ndk-r8d\sources\cxx-stl\gnu-libstdc++\4.4.3\libs\armeabi\libgnustl_static.a(cp-demangle.o)
 .ARM.extab     0x00011494       0x24 c:/Android/android-ndk-r8d/toolchains/arm-linux-androideabi-4.4.3/prebuilt/windows/bin/../lib/gcc/arm-linux-androideabi/4.4.3\libgcc.a(unwind-arm.o)
                0x000114b8                __exidx_start = .

.ARM.exidx      0x000114b8      0x598
 *(.ARM.exidx* .gnu.linkonce.armexidx.*)
 .ARM.exidx.text._ZdlPv
                0x000114b8        0x8 C:\Android\android-ndk-r8d\sources\cxx-stl\gnu-libstdc++\4.4.3\libs\armeabi\libgnustl_static.a(del_op.o)
 .ARM.exidx.text._ZdaPv
                0x000114c0        0x8 C:\Android\android-ndk-r8d\sources\cxx-stl\gnu-libstdc++\4.4.3\libs\armeabi\libgnustl_static.a(del_opv.o)
 .ARM.exidx.text._Znwj
                0x000114c8        0x8 C:\Android\android-ndk-r8d\sources\cxx-stl\gnu-libstdc++\4.4.3\libs\armeabi\libgnustl_static.a(new_op.o)
 .ARM.exidx.text._Znaj
                0x000114d0        0x8 C:\Android\android-ndk-r8d\sources\cxx-stl\gnu-libstdc++\4.4.3\libs\armeabi\libgnustl_static.a(new_opv.o)
 .ARM.exidx.text._ZNK9__gnu_cxx24__concurrence_lock_error4whatEv
                0x000114d8        0x8 C:\Android\android-ndk-r8d\sources\cxx-stl\gnu-libstdc++\4.4.3\libs\armeabi\libgnustl_static.a(eh_alloc.o)
 .ARM.exidx.text._ZNK9__gnu_cxx26__concurrence_unlock_error4whatEv
                0x000114e0        0x8 C:\Android\android-ndk-r8d\sources\cxx-stl\gnu-libstdc++\4.4.3\libs\armeabi\libgnustl_static.a(eh_alloc.o)
 .ARM.exidx.text._GLOBAL__I_eh_alloc.cc
                0x000114e8        0x8 C:\Android\android-ndk-r8d\sources\cxx-stl\gnu-libstdc++\4.4.3\libs\armeabi\libgnustl_static.a(eh_alloc.o)
 .ARM.exidx.text._ZN9__gnu_cxx24__concurrence_lock_errorD1Ev
                0x000114f0        0x8 C:\Android\android-ndk-r8d\sources\cxx-stl\gnu-libstdc++\4.4.3\libs\armeabi\libgnustl_static.a(eh_alloc.o)
 .ARM.exidx.text._ZN9__gnu_cxx26__concurrence_unlock_errorD1Ev
                0x000114f8        0x8 C:\Android\android-ndk-r8d\sources\cxx-stl\gnu-libstdc++\4.4.3\libs\armeabi\libgnustl_static.a(eh_alloc.o)
 .ARM.exidx.text._ZN9__gnu_cxx13__scoped_lockD1Ev
                0x00011500        0x8 C:\Android\android-ndk-r8d\sources\cxx-stl\gnu-libstdc++\4.4.3\libs\armeabi\libgnustl_static.a(eh_alloc.o)
 .ARM.exidx.text._ZN9__gnu_cxx26__concurrence_unlock_errorD0Ev
                0x00011508        0x8 C:\Android\android-ndk-r8d\sources\cxx-stl\gnu-libstdc++\4.4.3\libs\armeabi\libgnustl_static.a(eh_alloc.o)
 .ARM.exidx.text._ZN9__gnu_cxx24__concurrence_lock_errorD0Ev
                0x00011510        0x8 C:\Android\android-ndk-r8d\sources\cxx-stl\gnu-libstdc++\4.4.3\libs\armeabi\libgnustl_static.a(eh_alloc.o)
 .ARM.exidx.text.__cxa_free_dependent_exception
                0x00011518        0x8 C:\Android\android-ndk-r8d\sources\cxx-stl\gnu-libstdc++\4.4.3\libs\armeabi\libgnustl_static.a(eh_alloc.o)
 .ARM.exidx.text.__cxa_free_exception
                0x00011520        0x8 C:\Android\android-ndk-r8d\sources\cxx-stl\gnu-libstdc++\4.4.3\libs\armeabi\libgnustl_static.a(eh_alloc.o)
 .ARM.exidx.text.__cxa_allocate_dependent_exception
                0x00011528        0x8 C:\Android\android-ndk-r8d\sources\cxx-stl\gnu-libstdc++\4.4.3\libs\armeabi\libgnustl_static.a(eh_alloc.o)
 .ARM.exidx.text.__cxa_allocate_exception